[    0.000000] Linux version 4.15.0-29generic (buildd@lgw01-amd4-057) gcc version 7.3.0 (Ubntu 7.3.0-16ubuntu3) #31-Ubuntu MPP Tue Jul 7 1539:52 UTC 2018 (Ubutu 4.15.0-9.31-gneric 4.15.18)
[    0.00000] Comand line: BOOT_IMAGE=/boot/vmlinuz-4.15.0-29-genericroot=LABEL=cloudimg-rootfs r console=ty1 console=ttyS0
[    .000000] KERNL supporedd cpus:
[    0.00000]   Intel GeuineIntel
[   0.00000]   AMD AuthenticAMD
[    0.000000]   Centaur CentaurHauls
[    0.000000] x86/fpu: Supporting XSAVE feature 0x001: 'x87 floating point registers'
[    0.000000] x86/fpu: Supporting XSAVE feature 0x002: 'SSE registers'
[    0.000000] x86/fpu: Supporting XSAVE feature 0x004: 'AVX registers'
[    0.000000] x86/fpu: xstate_offset[2]:  576, xstate_sizes[2]:  256
[    0.000000] x86/fpu: Enabled xstate features 0x7, context size is 832 bytes, using 'standard' format.
[    0.000000] e820: BIOS-provided physical RAM map:
[    0.000000] BIOS-e820: [mem 0x0000000000000000-0x000000000009fbff] usable
[    0.000000] BIOS-e820: [mem 0x000000000009fc00-0x000000000009ffff] reserved
[    0.000000] BIOS-e820: [mem 0x00000000000f0000-0x00000000000fffff] reserved
[    0.000000] BIOS-e820: [mem 0x000000000100000-0x00000000dffeffff] usable
[    0.000000] BIOS-e820: [mem 0x00000000dfff0000-0x00000000dfffffff] ACPI data
[    0.00000] BIO-e820: [me 0x00000000fec00000-0x00000000fec00fff] eserve
[    0.000000] BIOS-e820: [mem 0x000000fee00000-0x00000000fee00fff] reserved
[   0.000000] IOS-e820: [mem x00000000fffc0000-0x00000000fffffff] reserved
[    0.00000] BIS-e820: [mem 0x000000010000000-0x000000213ffffff]usable
[   0.000000] NX (Exeute Disble) protection: ctive
[    0.00000] SMBIOS 2.5 present.
[    0.000000] DMI: innotek GmbH VirtulBox/VirtualBox, BIOS VirtualBox12/01/2006
[    0.00000] Hypervisor detected:KVM
[    0.00000] e820: last_pfn = 0x214000 max_arc_pfn= 0x400000000
[    0.000000] MTRR: Disabled
[    0.000000] x86/PAT: MTRRs disabled, skipingPAT initializtion to.
[    0.000000] CU  MTRRs all blank - virtulized sysem.
[    0.000000] x86/PAT:Configuration 0-7]: WB  WT  UC- UC  WB  WT  UC- UC  
[    0.000000] e820: last_pfn = 0xdfff0 max_arch_pfn = 0x400000000
[    0.000000] found SMP MP-table at [mem 0x0009fff0-0x0009fff] mapped at [        (ptrval)]
[    0.000000] Scanning1 areas for low memory corruption
[    0.000000] RAMDISK: [mem 0x35ae5000-0x36d69fff]
[    0.000000 ACPI: Erly table checksumverificaion disabled
[    0.000000] ACPI: SDP 0x0000000000E0000 00024 (v02 VBOX  )
[    0.00000] CPI: XSDT 0x00000000DFFF0030 00003C (v01 VBOX   VBOXXSDT 00000001 ASL  00000061)
[    0.000000] ACPI: FACP 0x00000000DFFF00F0 0000F4 (v04 VBOX   VBOXFCP 0000001 ASL  00000061
[    0.000000 ACPI: DSDT 0x00000000DFF0480 0021FF v02 VBX   VBOXBIOS 0000002 INTL 20100528)
[    0.000000] ACPI FACS0x00000000DFFF200 00040
[    0.00000] ACPI FACS 0x00000000FFF0200 00040
[    0.000000] ACPI APIC 0x0000000DFFF0400 00006C (v02VBOX   VBOXPIC 00000001 AL  0000061)
[    0.000000] ACPI: SSDT 0x0000000DFFF02B0 0001CC (v01 VOX   VBOXPUT 00000002 INTL2010052)
[    0.000000] No NUMA configuration found
[    0.000000] Faking a node at [mem 0x000000000000000-0x0000000213fffff]
[    0.000000] NODE_DATA(0) allocated [mem 0x213fd2000-0x213ffcfff]
[    0.000000] kvm-clock: cpu 0, msr 2:13f51001, primary cpu clock
[    0.000000] kvm-clock: Using msrs 4b564d01 and 4b564d00
[    0.000000] kvm-clock: using sched offset of 3770882001 cycles
[    0.000000] clocksource: kvm-clock: mask: 0xffffffffffffffff max_cycles: 0x1cd42e4dffb, max_idle_ns: 881590591483 ns
[    0.000000] Zone ranges:
[    0.000000]   DMA      [mem 0x0000000000001000-0x0000000000ffffff]
[    0.000000]   DMA32    [mem 0x0000000001000000-0x00000000ffffffff]
[    0.000000]   Normal   [mem 0x0000000100000000-0x0000000213ffffff]
[    0.000000]   Device   empty
[    0.000000] Movable zone start for each node
[    0.000000] Early memory node ranges
[    0.000000]   node   0: [mem 0x0000000000001000-0x000000000009efff]
[    0.000000]   node  0: [em 0x000000000100000-0x0000000dffeffff]
[    0.000000]   node   0: [em 0x000000100000000-0x0000000213fffff]
[    .000000] Initmem stup node 0 [mem x000000000000000-0x000000213ffffff]
   0.000000] eserved but navalable: 9  page
[    0.000000]ACPI: PM-Timer IOPort: 0x408
[    0.000000] IOAPIC[0]: apic_id 4, version 32, address 0xfec00000, GSI 023
[    0.000000] ACP: INT_SRC_OR (bus 0 bus_irq 0 globl_irq 2dfl dfl)
[    .000000] CPI: INT_SRC_OVR (bs 0 bus_iq 9 global_irq 9 low level)
[    0.000000] sing CPI MADT) fo SMP confguratonn informaton
[   0.00000] smpbot: Allowing 4CPUUs, 0 hotplug CPUs
[    0.000000] PM: Registered nosave memory: [mem 0x0000000-0x00000ff]
[    0.000000] PM: Registered nosave memory: [mem 0x0009f000-00x0009ffff]
[    0.000000] PM: Registered nosave memory: [mem 0x000a0000-0x000effff]
[    0.000000] PM: Registered nosave memory: [mem 0x000f0000-0x000fffff]
[    0.000000] PM: Registered nosave memory: [mem 0xdfff0000-0xdfffffff]
[   0.000000] PM: Rgistered nosae memory: [mem 0xe000000-0xfebffff]
    00.00000] PM Registered nosave memry: [mem 0xec00000-0xfec00fff][   0.000000] PM: Rgistered nosav memory: [em 0xfec0100-0xedfffff]
[    0.00000] PM: Reistered nosave memory: [mem xfee00000-0xfee00fff
[    0.00000 PM: Registered noave memry: [mm 0xfee1000-0xfffbfff]
[   0..00000] PM: egisterd nosave mmory: [me 0xfffc000-0xfffffff]
[    0.000000]e820: [mm 0xe000000-0xfebffff] vailable for CI devies
[    0.000000] Bootingparavirtualzed kernel on KVM
[   0.000000] clocksource: refined-jiffies: mas: 0xffffffff max_cyycles: 0xffffffff, max_idle_n: 7645519600211568 ns
[    0.000000] ranom: get_random_bytes called from strt_kernel+x99/0x4fd with crn_init0
[    0.000000] setup_pecpu: NR_CPUS8192 nr_cpumask_bits: nr_pu_ids:4 nr_node_ids:1
[    0.000000] percpu: mbedded 46 page/cpu @       (ptrval) s151552 r812 d2672  u52488
[    0.00000] PV qspinloc hash table enries: 56 (order: 0 4096 byts)
[    0.000000] Built 1 zonelists, mobility grouping on.  Total pages: 2015865
[    0.000000] Policy zone: Normal
[    0.000000] Kernel commad line: BOO_IMAGE=/boot/vmlinuz-4.150-29-geneic root=LABEL=cloudimg-rootfs roconsoletty1 console=ttS0
[    0.000000] Memoy: 798072K/8191544K available (1300K kernel coe, 240K rwdata, 4240K rodta, 2408 init, 2416K bss, 243472K reserved, 0K cma-reserved)[    0.000000] SLUB: HWalign=64, Order=0-3, MinObjects=0, CPUs=4, Nodes=1
[    0.000000] Kernel/User page tables isolation: enabled
[    0.000000] ftrace: allocating 39092 entries in 153 pages
[    0.004000] Hierarchical RCU implementtion.
[    0.04000] 	RCU restrcting CPUs fom N_CPUS=8192 to nr_cpu_ids=4.
[    0.00000] 	TasksRCU enabled.
[    0.0400] RCU: Adusting eometryfor rcu_fanot_lef=16, nr_cpu_ids=4
    0.004000] NR_IRQS: 524544 nr_irqs: 456, peallocated irqs 16
[    0.00400] Consoe: colour VGA+ 80x25
[    .00400] console [tty1] enabled[    0.004000] cosole[ttyS0] enabled
[    0.00400] ACPI:Core revision 2170831
[    0004000] ACPI: 2 ACP AML table successfuly acquired and loadd
[    0.00000] APIC:Switch to symmetric I/O mode setup
[    0.004247] x2apic enabled
[    0.008004] Switched APIC routing to physical x2apic.
[    0.012865] ..TIMER: vector=0x30 apic1=0 pin1=2 apic2=-1 pin2=-1
[    0.016003] tsc: Detected 2593.994 MHz processor
[    0.020011] Calibrating delay loop (skipped) preset value.. 5187.98 BogoMIPS (lpj=10375976)
[    0.024007] pid_max: default: 32768 minimum: 301
[    0.028045] Security Framework initialized
[    0.032075] Yama: becoming mindful.
[    0.033322] AppArmor: AppArmor initialized
[    0.041657] Dentry cache hash table entries: 1048576 (order: 11, 8388608 bytes)
[    0.049624] Inode-cache hash table entries: 524288 (order: 10, 4194304 bytes)
[    0.052035] Mount-cache hash table entries: 16384 (order: 5, 131072 bytes)
[    0.053869] Mountpoint-cache hash table entries: 16384 (order: 5, 131072 bytes)
[    0.056193] CPU: Physical Processor ID: 0
[    0.057369] CPU: Processor Core ID: 0
[    0.058450] mce: CPU supports 0 MCE banks
[    0.060016] Last level iTLB entries: 4KB 1024, 2MB 1024, 4MB 1024
[    0.061716] Last level dTLB entries: 4KB 1024, 2MB 1024, 4MB 1024, 1GB 4
[    0.064003] Spectre V2 : Mitigation: Full generic retpoline
[    0.065557] Speculative Store Bypass: Vulnerable
[    0.066938] Freeing SMP alternatives memory: 36K
[    0.072000] smpboot: CPU0: Intel(R) Core(TM) i7-4960HQ CPU @ 2.60GHz (family: 0x6, model: 0x46, stepping: 0x1)
[    0.072077] Performance Events: unsupported p6 CPU model 70 no PMU driver, software events only.
[    0.076038] Hierarchical SRCU implementation.
[    0.081887] NMI watchdog: Perf event create on CPU 0 failed with -2
[    0.083315] NMI watchdog: Perf NMI watchdog permanently disabled
[    0.084057] smp: Bringing up secondary CPUs ...
[    0.088071] x86: Booting SMP configuration:
[    0.092003] .... node  #0, CPUs:      #1
[    0.004000] kvm-clock: cpu 1, msr 2:13f51041, secondary cpu clock
[    0.004000] mce: CPU supports 0 MCE banks
[    0.190092]  #2
[    0.004000] kvm-clock: cpu 2, msr 2:13f51081, secondary cpu clock
[    0.004000] mce: CPU supports 0 MCE banks
[    0.244067]  #3
[    0.004000] kvm-clock: cpu 3, msr 2:13f510c1, secondary cpu clock
[    0.004000] mce: CPU supports 0 MCE banks
[    0.260015] smp: Brought up 1 node, 4 CPUs
[    0.264004] smpboot: Max logical packages: 1
[    0.268004] smpboot: Total of 4 processors activated (20751.95 BogoMIPS)
[    0.276050] devtmpfs: initialized
[    0.280055] x86/mm: Memory block size: 128MB
[    0.281659] evm: security.selinux
[    0.284003] evm: security.SMACK64
[    0.286672] evm: security.SMACK64EXEC
[    0.287580] evm: security.SMACK64TRANSMUTE
[    0.288003] evm: security.SMACK64MMAP
[    0.288895] evm: security.apparmor
[    0.289800] evm: security.ima
[    0.290548] evm: security.capability
[    0.292090] clocksource: jiffies: mask: 0xffffffff max_cycles: 0xffffffff, max_idle_ns: 7645041785100000 ns
[    0.295549] futex hash table entries: 1024 (order: 4, 65536 bytes)
[    0.296062] pinctrl core: initialized pinctrl subsystem
[    0.300104] RTC time: 11:03:14, date: 10/21/18
[    0.304227] NET: Registered protocol family 16
[    0.308076] audit: initializing netlink subsys (disabled)
[    0.312042] audit: type=2000 audit(1540119792.304:1): state=initialized audit_enabled=0 res=1
[    0.332011] cpuidle: using governor ladder
[    0.336014] cpuidle: using governor menu
[    0.340058] ACPI: bus type PCI registered
[    0.344004] acpiphp: ACPI Hot Plug PCI Controller Driver version: 0.5
[    0.349647] PCI: Using configuration type 1 for base access
[    0.356037] HugeTLB registered 2.00 MiB page size, pre-allocated 0 pages
[    0.360090] ACPI: Added _OSI(Module Device)
[    0.364011] ACPI: Added _OSI(Processor Device)
[    0.368016] ACPI: Added _OSI(3.0 _SCP Extensions)
[    0.372007] ACPI: Added _OSI(Processor Aggregator Device)
[    0.376009] ACPI: Added _OSI(Linux-Dell-Video)
[    0.380463] ACPI: Executed 1 blocks of module-level executable AML code
[    0.386917] ACPI: Interpreter enabled
[    0.388018] ACPI: (supports S0 S5)
[    0.392006] ACPI: Using IOAPIC for interrupt routing
[    0.396237] PCI: Using host bridge windows from ACPI; if necessary, use "pci=nocrs" and report a bug
[    0.400253] ACPI: Enabled 2 GPEs in block 00 to 07
[    0.412233] ACPI: PCI Root Bridge [PCI0] (domain 0000 [bus 00-ff])
[    0.416013] acpi PNP0A03:00: _OSC: OS supports [ASPM ClockPM Segments MSI]
[    0.420060] acpi PNP0A03:00: _OSC: not requesting OS control; OS requires [ExtendedConfig ASPM ClockPM MSI]
[    0.424025] acpi PNP0A03:00: fail to add MMCONFIG information, can't access extended PCI configuration space under this bridge.
[    0.428528] PCI host bridge to bus 0000:00
[    0.432008] pci_bus 0000:00: root bus resource [io  0x0000-0x0cf7 window]
[    0.436009] pci_bus 0000:00: root bus resource [io  0x0d00-0xffff window]
[    0.440007] pci_bus 0000:00: root bus resource [mem 0x000a0000-0x000bffff window]
[    0.441855] pci_bus 0000:00: root bus resource [mem 0xe0000000-0xfdffffff window]
[    0.444006] pci_bus 0000:00: root bus resource [bus 00-ff]
[    0.452744] pci 0000:00:01.1: legacy IDE quirk: reg 0x10: [io  0x01f0-0x01f7]
[    0.456006] pci 0000:00:01.1: legacy IDE quirk: reg 0x14: [io  0x03f6]
[    0.460008] pci 0000:00:01.1: legacy IDE quirk: reg 0x18: [io  0x0170-0x0177]
[    0.462868] pci 0000:00:01.1: legacy IDE quirk: reg 0x1c: [io  0x0376]
[    0.540234] pci 0000:00:07.0: quirk: [io  0x4000-0x403f] claimed by PIIX4 ACPI
[    0.544028] pci 0000:00:07.0: quirk: [io  0x4100-0x410f] claimed by PIIX4 SMB
[    0.593108] ACPI: PCI Interrupt Link [LNKA] (IRQs 5 9 10 *11)
[    0.596346] ACPI: PCI Interrupt Link [LNKB] (IRQs 5 9 *10 11)
[    0.600173] ACPI: PCI Interrupt Link [LNKC] (IRQs 5 *9 10 11)
[    0.604174] ACPI: PCI Interrupt Link [LNKD] (IRQs 5 9 10 *11)
[    0.608462] SCSI subsystem initialized
[    0.612079] pci 0000:00:02.0: vgaarb: setting as boot VGA device
[    0.616000] pci 0000:00:02.0: vgaarb: VGA device added: decodes=io+mem,owns=io+mem,locks=none
[    0.616010] pci 0000:00:02.0: vgaarb: bridge control possible
[    0.620004] vgaarb: loaded
[    0.624049] ACPI: bus type USB registered
[    0.628035] usbcore: registered new interface driver usbfs
[    0.632021] usbcore: registered new interface driver hub
[    0.636049] usbcore: registered new device driver usb
[    0.640103] EDAC MC: Ver: 3.0.0
[    0.644448] PCI: Using ACPI for IRQ routing
[    0.648439] NetLabel: Initializing
[    0.652004] NetLabel:  domain hash size = 128
[    0.656005] NetLabel:  protocols = UNLABELED CIPSOv4 CALIPSO
[    0.660029] NetLabel:  unlabeled traffic allowed by default
[    0.664122] clocksource: Switched to clocksource kvm-clock
[    0.722525] VS: Disk qotas dquot_6.6.0
[    0.77017 VFS: quot-cache hash table entrie: 512 (orer 0, 4096 byts)
[   0.918129] ApArmor AppArmor FilesystemEnabled
[    .004087] pnp: nP ACPI ini
[    1.069383] pnp: PnP ACPI: found 3 device
[    1.123182] clocksource: acpi_pm: mask: 0xffffff max_cycles: xfffff, max_idle_n: 208570024 ns
    1.29434 NET: Reistered protcol family 2
[    1.317737] TCP established hash table entries: 65536 (order: 7, 524288 bytes)
[    1.321661] TCP bind hash table entries: 65536 (order: 8, 1048576 bytes)
[    1.323540] TCP: Hash tables configured (established 65536 bind 65536)
[    1.325363] UDP hash table entries: 4096 (order: 5, 131072 bytes)
[    1.327170] UDP-Lite hash table entries: 4096 (order: 5, 131072 bytes)
[    1.329131] NET: Registered protocol family 1
[    1.330370] pci 0000:00:00.0: Limiting direct PCI/PCI transfers
[    1.332077] pci 0000:00:01.0: Activating ISA DMA hang workarounds
[    1.333778] pci 0000:00:02.0: Video device with shadowed ROM at [mem 0x000c0000-0x000dffff]
[    1.336248] Unpacking initramfs...
[   1.57216] reeing initrd memry: 18964
[   1.6919] PI-DMA: Usingsoftarebounce buffering for IO (SWIOTLB)
[    1.804457] softwareIO TLB[mem 0xdbf000-0xdfff000] (64B)mapped at[        (prval)-        (ptral)]

[    2.072697] platfrm rtc_cmo: registere platform TC device(no PNP device found
[    2.210075 Scaningfor low memory orrution evry 60 scond
[   2.38350] Initialise system trusted keyrings
[    2.42906] Key type blacklist registered
[    2.452915] workingset: timestamp_bits=36 max_order=21 bucket_order=0
[    2.455601] zbud: loaded

[    2.458323] squashfs: version 4.0 (2009/01/31) Phillip Lougher
[    2.461940] fuse init (API version 7.26)
[    2.469333] Key type asymmetric registered
[    2.470459] Asymmetric key parser 'x509' registered
[    2.471854] Block layer SCSI generic (bsg) driver version 0.4 loaded (major 246)
[    2.474070] io scheduler noop registered
[    2.475181] io scheduler deadline registered
[    2.476512] io scheduler cfq registered (default)
[    2.478585] ACPI: AC Adapter [AC] (on-line)
[    2.479794] input: Power Button as /devices/LNXSYSTM:00/LNXPWRBN:00/input/input0
[    2.482068] ACPI: Power Button [PWRF]
[    2.483281] input: Sleep Button as /devices/LNXSYSTM:00/LNXSLPBN:00/input/input1
[    2.485489] ACPI: Sleep Button [SLPF]
[    2.488280] ACPI: Battery Slot [BAT0] (battery present)
[    2.488402] Serial: 8250/16550 rive, 32 orts, IQ sharng enbled
[    2.513721] 00:02: ttyS0 at I/O 0x3f8 (irq = 4, base_baud = 115200) is a 16550A
[    2.658330] Linux agpgart interface v0.103
[    2.704155] loop: module loaded
[    2.725094] scsi host0: ata_piix
[    2.742148] scsi host1: ata_piix
[    2.771003] ata1: PATA max UDMA/33 cmd 0x1f0 ctl 0x3f6 bmdma 0xd000 irq 14
[    2.852042] ata2: PATA max UDMA/33 cmd 0x170 ctl 0x376 bmdma 0xd008 irq 15
[    2.901252] libphy: Fixed MDIO Bus: probed
[    2.941234] tun: Universal TUN/TAP device driver, 1.6
[    2.981330] PPP generic driver version 2.4.2
[    3.011727] ehci_hcd: USB 2.0 'Enhanced' Host Controller (EHCI) Driver
[    3.051614] ehci-pci: EHCI PCI platform driver
[    3.088819] ehci-platform: EHCI generic platform driver
[    3.101475] tsc: Refined TSC clocksource calibration: 2596.094 MHz
[    3.101497] clocksource: tsc: mask: 0xffffffffffffffff max_cycles: 0x256bd23383a, max_idle_ns: 440795235267 ns
[    3.286594] ohci_hcd: USB 1.1 'Open' Host Controller (OHCI) Driver
[    3.321422] ohci-pci: OHCI PCI platform driver
[    3.359652] ohci-platform: OHCI generic platform driver
[    3.371167] uhci_hcd: USB Universal Host Controller Interface driver
[    3.389871] i8042: PNP: PS/2 Controller [PNP0303:PS2K,PNP0f03:PS2M] at 0x60,0x64 irq 1,12
[    3.395724] serio: i8042 KBD port at 0x60,0x64 irq 1
[    3.396953] serio: i8042 AUX port at 0x60,0x64 irq 12
[    3.398493] mousedev: PS/2 mouse device common for all mice
[    3.430677] input: AT Translated Set 2 keyboard as /devices/platform/i8042/serio0/input/input2
[    3.432063] rtc_cmos rtc_cmos: rtc core: registered rtc_cmos as rtc0
[    3.432118] rtc_cmos rtc_cmos: alarms up to one day, 114 bytes nvram
[    3.432126] i2c /dev entries driver
[    3.432184] device-mapper: uevent: version 1.0.3
[    3.432236] device-mapper: ioctl: 4.37.0-ioctl (2017-09-20) initialised: dm-devel@redhat.com
[    3.534338] ledtrig-cpu: registered to indicate activity on CPUs
[    3.538476] NET: Rgistered protocol family 10

[    .568772] Segment Routing with IPv6[    3.617457] NET:Regitered protocol family 1
[    3.706420] ey type dns_resolver registered

[   3.733879] RAS: Crrectabl Errors collector initialized.
[    3.805877] sched_clock: Marking stable (3805826807, 0)->(12173344222, -8367517415)

[    3.809050] registered taskstats version 1
[    3.810100] Loading compiled-in X.509 certificates
[    3.814289] Loaded X.509 cert 'Build time autogenerated kernel key: 1cc37f41791529df57507d3747a6804ab53f482b'
[    3.821473] zswap: loaded using pool lzo/zbud
[    3.827863] Key type big_key registered
[    3.833191] Key type trusted registered
[    3.836661] Key type encrypted registered
[    3.841178] AppArmor: AppArmor sha1 policy hashing enabled
[    3.845878] ima: No TPM chip found, activating TPM-bypass! (rc=-19)
[    3.849287] evm: HMAC attrs: 0x1
[    3.853024]   Magic number: 6:282:75
[    3.861987] rtc_cmos rtc_cmos: setting system clock to 2018-10-21 11:03:19 UTC (1540119799)
[    3.865079] BIOS EDD facility v0.16 2004-Jun-25, 0 devices found
[    3.866984] EDD information not available.
[    3.873259] Freeing unused kernel memory: 2408K
[    3.892569] Write protecting the kernel read-only data: 20480k
[    3.953431] Freeing unused kernel memory: 2008K
[    4.247959] Freeing unused kernel memory: 1904K
[    4.611200] x86/mm: Checked W+X mappings: passed, no W+X pages found.
[    5.081599] x86/mm: Checking user space page tables
[    5.150642] x86/mm: Checked W+X mappings: passed, no W+X pages found.
Loading, please wait...
starting version 237
[    5.871801] e1000: Intel(R) PRO/1000 Network Driver - version 7.3.21-k8-NAPI
[    5.908765] e1000: Copyright (c) 1999-2006 Intel Corporation.
[    5.931569] Fusion MPT base driver 3.04.20
[    5.940305] Copyright (c) 1999-2008 LSI Corporation
[    5.949301] AVX2 version of gcm_enc/dec engaged.
[    5.949302] Fusion MPT SPI Host driver 3.04.20
[    5.956709] AES CTR mode by8 optimization enabled
[    6.154662] input: ImExPS/2 Generic Explorer Mouse as /devices/platform/i8042/serio1/input/input4
[    6.355344] e1000 0000:00:03.0 eth0: (PCI:33MHz:32-bit) 02:bb:34:5d:fb:cd
[    6.853766] e1000 0000:00:03.0 eth0: Intel(R) PRO/1000 Network Connection
[    6.915503] mptbase: ioc0: Initiating bringup
[    7.120358] ioc0: LSI53C1030 A0: Capabilities={Initiator}
[    8.090647] scsi host2: ioc0: LSI53C1030 A0, FwRev=00000000h, Ports=1, MaxQ=256, IRQ=20
[    9.089072] scsi 2:0:0:0: Direct-Access     VBOX     HARDDISK         1.0  PQ: 0 ANSI: 5
[    9.252089] scsi target2:0:0: Beginning Domain Validation
[    9.499904] e1000 0000:00:08.0 eth1: (PCI:33MHz:32-bit) 08:00:27:ec:bf:7b
[    9.499908] e1000 0000:00:08.0 eth1: Intel(R) PRO/1000 Network Connection
[    9.863073] e1000 0000:00:08.0 enp0s8: renamed from eth1
[    9.864513] scsi target2:0:0: Domain Validation skipping write tests
[    9.864514] scsi target2:0:0: Ending Domain Validation
[    9.864660] scsi target2:0:0: asynchronous
[    9.865577] scsi 2:0:1:0: Direct-Access     VBOX     HARDDISK         1.0  PQ: 0 ANSI: 5
[    9.996677] e1000 0000:00:03.0 enp0s3: renamed from eth0
[   10.024104] scsi target2:0:1: Beginning Domain Validation
[   10.052870] random: fast init done
[   10.053052] random: systemd-udevd: uninitialized urandom read (16 bytes read)
[   10.104798] random: systemd-udevd: uninitialized urandom read (16 bytes read)
[   10.131911] random: systemd-udevd: uninitialized urandom read (16 bytes read)
[   10.161341] random: systemd-udevd: uninitialized urandom read (16 bytes read)
[   10.622126] random: systemd-udevd: uninitialized urandom read (16 bytes read)
[   11.088951] random: systemd-udevd: uninitialized urandom read (16 bytes read)
[   11.498817] random: systemd-udevd: uninitialized urandom read (16 bytes read)
[   12.247754] scsi target2:0:1: Domain Validation skipping write tests
[   12.247818] random: systemd-udevd: uninitialized urandom read (16 bytes read)
[   12.247823] random: systemd-udevd: uninitialized urandom read (16 bytes read)
[   12.247829] random: systemd-udevd: uninitialized urandom read (16 bytes read)
[   13.364424] scsi target2:0:1: Ending Domain Validation
[   13.849364] scsi target2:0:1: asynchronous
[   14.103376] sd 2:0:0:0: Attached scsi generic sg0 type 0
[   14.196496] sd 2:0:0:0: [sda] 104857600 512-byte logical blocks: (53.7 GB/50.0 GiB)
[   14.196638] sd 2:0:1:0: Attached scsi generic sg1 type 0
[   14.197310] sd 2:0:1:0: [sdb] 20480 512-byte logical blocks: (10.5 MB/10.0 MiB)
[   14.197449] sd 2:0:1:0: [sdb] Write Protect is off
[   14.197742] sd 2:0:1:0: [sdb] Incomplete mode parameter data
[   14.197743] sd 2:0:1:0: [sdb] Assuming drive cache: write through
[   14.200478] sd 2:0:1:0: [sdb] Attached SCSI disk
[   14.369188] sd 2:0:0:0: [sda] Write Protect is off
[   14.393421] sd 2:0:0:0: [sda] Incomplete mode parameter data
[   14.421253] sd 2:0:0:0: [sda] Assuming drive cache: write through
[   14.650046]  sda: sda1
[   14.676714] sd 2:0:0:0: [sda] Attached SCSI disk
Begin: Loading essential drivers ... [   16.084378] raid6: sse2x1   gen() 11839 MB/s
[   16.148303] raid6: sse2x1   xor()  8251 MB/s
[   16.216567] raid6: sse2x2   gen() 14259 MB/s
[   16.284191] raid6: sse2x2   xor()  9020 MB/s
[   16.352323] raid6: sse2x4   gen() 16256 MB/s
[   16.416306] raid6: sse2x4   xor() 10259 MB/s
[   16.476163] raid6: avx2x1   gen() 23107 MB/s
[   16.536193] raid6: avx2x1   xor() 15789 MB/s
[   16.600216] raid6: avx2x2   gen() 26420 MB/s
[   16.660181] raid6: avx2x2   xor() 15785 MB/s
[   16.728270] raid6: avx2x4   gen() 29539 MB/s
[   16.792282] raid6: avx2x4   xor() 18816 MB/s
[   16.808440] raid6: using algorithm avx2x4 gen() 29539 MB/s
[   16.828181] raid6: .... xor() 18816 MB/s, rmw enabled
[   16.852864] raid6: using avx2x2 recovery algorithm
[   16.874066] xor: automatically using best checksumming function   avx       
[   16.890513] async_tx: api initialized (async)
done.
Begin: Running /scripts/init-premount ... done.
Begin: Mounting root file system ... Begin: Running /scripts/local-top ... done.
Begin: Running /scripts/local-premount ... [   16.951518] Btrfs loaded, crc32c=crc32c-intel
Scanning for Btrfs filesystems
done.
Warning: fsck no[   16.975290] EXT4-fs (sda1): mounted filesystem with ordered data mode. Opts: (null)
t present, so skipping root file system
done.
Begin: Running /scripts/local-bottom ... done.
Begin: Running /scripts/init-bottom ... done.
[   17.125067] ip_tables: (C) 2000-2006 Netfilter Core Team
[   17.137040] systemd[1]: systemd 237 running in system mode. (+PAM +AUDIT +SELINUX +IMA +APPARMOR +SMACK +SYSVINIT +UTMP +LIBCRYPTSETUP +GCRYPT +GNUTLS +ACL +XZ +LZ4 +SECCOMP +BLKID +ELFUTILS +KMOD -IDN2 +IDN -PCRE2 default-hierarchy=hybrid)
[   17.161816] systemd[1]: Detected virtualization oracle.
[   17.191408] systemd[1]: Detected architecture x86-64.

Welcome to [1mUbuntu 18.04.1 LTS[0m!

[   17.261863] systemd[1]: Set hostname to <ubuntu>.
[   17.808457] systemd[1]: Initializing machine ID from random generator.
[   18.882792] systemd[1]: Installed transient /etc/machine-id file.
[   19.136247] systemd[1]: Reached target Swap.
[[0;32m  OK  [0m] Reached target Swap.
[   19.138865] systemd[1]: Reached target System Time Synchronized.
[[0;32m  OK  [0m] Reached target System Time Synchronized.
[   19.148254] systemd[1]: Created slice System Slice.
[[0;32m  OK  [0m] Created slice System Slice.
[   19.151037] systemd[1]: Listening on Journal Audit Socket.
[[0;32m  OK  [0m] Listening on Journal Audit Socket.
[[0;32m  OK  [0m] Listening on /dev/initctl Compatibility Named Pipe.
[[0;32m  OK  [0m] Listening on Journal Socket (/dev/log).
[[0;32m  OK  [0m] Listening on Syslog Socket.
[[0;32m  OK  [0m] Started Forward Password Requests to Wall Directory Watch.
[[0;32m  OK  [0m] Created slice User and Session Slice.
[[0;32m  OK  [0m] Reached target Slices.
[[0;32m  OK  [0m] Listening on Network Service Netlink Socket.
[[0;32m  OK  [0m] Created slice system-serial\x2dgetty.slice.
[[0;32m  OK  [0m] Listening on LVM2 poll daemon socket.
[[0;32m  OK  [0m] Set up automount Arbitrary Executabâ€¦rmats File System Automount Point.
[[0;32m  OK  [0m] Listening on LVM2 metadata daemon socket.
[[0;32m  OK  [0m] Reached target User and Group Name Lookups.
[[0;32m  OK  [0m] Listening on Journal Socket.
         Mounting POSIX Message Queue File System...
         Starting Create list of required stâ€¦ce nodes for the current kernel...
         Starting Set the console keyboard layout...
         Starting Journal Service...
         Starting Uncomplicated firewall...
         Mounting Huge Pages File System...
         Starting Remount Root and Kernel File Systems...
         Starting Load Kernel Modules...
[[0;32m  OK  [0m] Listening on Device-mapper event daemon FIFOs.
[   19.285080] Loading iSCSI transport class v2.0-870.
[   19.321096] EXT4-fs (sda1): re-mounted. Opts: (null)
         Starting Monitoring of LVM2 mirrorsâ€¦ng dmeventd or progress polling...
[   19.353306] iscsi: registered transport (tcp)
         Mounting Kernel Debug File System...
[   19.394926] iscsi: registered transport (iser)
[[0;32m  OK  [0m] Listening on udev Control Socket.
[[0;32m  OK  [0m] Listening on udev Kernel Socket.
         Starting udev Coldplug all Devices...
[[0;32m  OK  [0m] Started Journal Service.
[[0;32m  OK  [0m] Mounted POSIX Message Queue File System.
[[0;32m  OK  [0m] Started Create list of required staâ€¦vice nodes for the current kernel.
[[0;32m  OK  [0m] Started Set the console keyboard layout.
[[0;32m  OK  [0m] Started Uncomplicated firewall.
[[0;32m  OK  [0m] Mounted Huge Pages File System.
[[0;32m  OK  [0m] Started Remount Root and Kernel File Systems.
[[0;32m  OK  [0m] Started Load Kernel Modules.
[[0;32m  OK  [0m] Mounted Kernel Debug File System.
[[0;32m  OK  [0m] Started LVM2 metadata daemon.
         Starting Apply Kernel Variables...
         Mounting Kernel Configuration File System...
         Mounting FUSE Control File System...
         Starting Initial cloud-init job (pre-networking)...
         Starting Load/Save Random Seed...
         Starting Create Static Device Nodes in /dev...
         Starting Flush Journal to Persistent Storage...
[[0;32m  OK  [0m] Started Monitoring of LVM2 mirrors,â€¦sing dmeventd or progress polling.
[[0;32m  OK  [0m] Started udev Coldplug all Devices.
[[0;32m  OK  [0m] Started Apply Kernel Variables.
[[0;32m  OK  [0m] Mounted Kernel Configuration File System.
[[0;32m  OK  [0m] Mounted FUSE Control File System.
[[0;32m  OK  [0m] Started Load/Save Random Seed.
[[0;32m  OK  [0m] Started Create Static Device Nodes in /dev.
         Starting udev Kernel Device Manager...
[[0;32m  OK  [0m] Reached target Local File Systems (Pre).
[[0;32m  OK  [0m] Reached target Local File Systems.
         Starting AppArmor initialization...
         Starting Tell Plymouth To Write Out Runtime Data...
         Starting ebtables ruleset management...
         Starting Set console font and keymap...
         Starting Commit a transient machine-id on disk...
[[0;32m  OK  [0m] Started udev Kernel Device Manager.
[[0;32m  OK  [0m] Started Dispatch Password Requests to Console Directory Watch.
[[0;32m  OK  [0m] Reached target Local Encrypted Volumes.
[[0;32m  OK  [0m] Started Tell Plymouth To Write Out Runtime Data.
[[0;32m  OK  [0m] Started Set console font and keymap.
[[0;32m  OK  [0m] Started Flush Journal to Persistent Storage.
[[0;32m  OK  [0m] Started Commit a transient machine-id on disk.
[[0;32m  OK  [0m] Started ebtables ruleset management.
[[0;32m  OK  [0m] Found device /dev/ttyS0.
         Starting Create Volatile Files and Directories...
[[0;32m  OK  [0m] Started Create Volatile Files and Directories.
         Starting Update UTMP about System Boot/Shutdown...
[[0;32m  OK  [0m] Listening on Load/Save RF Kill Switch Status /dev/rfkill Watch.
[[0;32m  OK  [0m] Started Update UTMP about System Boot/Shutdown.
[[0;32m  OK  [0m] Started AppArmor initialization.
[   21.282774] cloud-init[443]: Cloud-init v. 18.2 running 'init-local' at Sun, 21 Oct 2018 11:03:36 +0000. Up 20.97 seconds.
[[0;32m  OK  [0m] Started Initial cloud-init job (pre-networking).
[[0;32m  OK  [0m] Reached target Network (Pre).
         Starting Network Service...
[[0;32m  OK  [0m] Started Network Service.
         Starting Network Name Resolution...
         Starting Wait for Network to be Configured...
[[0;32m  OK  [0m] Started Network Name Resolution.
[[0;32m  OK  [0m] Reached target Network.
[[0;32m  OK  [0m] Reached target Host and Network Name Lookups.
[[0;32m  OK  [0m] Started Wait for Network to be Configured.
         Starting Initial cloud-init job (metadata service crawler)...
[   24.948832] cloud-init[662]: Cloud-init v. 18.2 running 'init' at Sun, 21 Oct 2018 11:03:39 +0000. Up 23.75 seconds.
[   24.984733] cloud-init[662]: ci-info: ++++++++++++++++++++++++++++++++++++++Net device info++++++++++++++++++++++++++++++++++++++
[[   25.010850] cloud-init[662]: ci-info: +--------+------+----------------------------+---------------+--------+-------------------+
[0;32m  OK  [0m] Started Initial cloud-init job (metadata service crawler).
[   25.011032] cloud-init[662]: ci-info: | Device |  Up  |          Address           |      Mask     | Scope  |     Hw-Address    |
[[0;32m  OK  [0m] Reached target System Initialization.
[   25.100672] cloud-init[662]: ci-info: +--------+------+----------------------------+---------------+--------+-------------------+
[[   25.156814] cloud-init[662]: ci-info: | enp0s3 | True |         10.0.2.15          | 255.255.255.0 | global | 02:bb:34:5d:fb:cd |
[0;32m  OK  [0m[   25.157379] ] cloud-initStarted Daily apt download activities.[662]: 
ci-info: | enp0s3 | True | fe80::bb:34ff:fe5d:fbcd/64 |       .       |  link  | 02:bb:34:5d:fb:cd |
[[   25.238256] cloud-init[662]: ci-info: |   lo   | True |         127.0.0.1          |   255.0.0.0   |  host  |         .         |
[0;32m  OK  [0m] Started ACPI Events Check.
[   25.238516] cloud-init[662]: ci-info: |   lo   | True |          ::1/128           |       .       |  host  |         .         |
[[   25.328438] cloud-init[662]: ci-info: +--------+------+----------------------------+---------------+--------+-------------------+
[0;32m  OK  [0m] Reached target Paths.
[   25.328745] cloud-init[662]: ci-info: ++++++++++++++++++++++++++++Route IPv4 info+++++++++++++++++++++++++++++
[[   25.408228] cloud-init[662]: ci-info: +-------+-------------+----------+-----------------+-----------+-------+
[0;32m  OK  [0m[   25.408532] ] cloud-initListening on D-Bus System Message Bus Socket.[662]: 
ci-info: | Route | Destination | Gateway  |     Genmask     | Interface | Flags |
         [   25.497238] Starting Socket activation for snappy daemon.cloud-init
[662]: ci-info: +-------+-------------+----------+-----------------+-----------+-------+
[[   25.546561] cloud-init[662]: ci-info: |   0   |   0.0.0.0   | 10.0.2.2 |     0.0.0.0     |   enp0s3  |   UG  |
[0;32m  OK  [0m] Started Message of the Day.
[   25.546818] cloud-init[662]: ci-info: |   1   |   10.0.2.0  | 0.0.0.0  |  255.255.255.0  |   enp0s3  |   U   |
[[   25.631662] cloud-init[662]: ci-info: |   2   |   10.0.2.2  | 0.0.0.0  | 255.255.255.255 |   enp0s3  |   UH  |
[   25.631920] cloud-init[662]: ci-info: +-------+-------------+----------+-----------------+-----------+-------+
[0;32m  OK  [0m] Started Discard unused blocks once a week.
[   25.632433] cloud-init[662]: ci-info: +++++++++++++++++++Route IPv6 info+++++++++++++++++++
[[   25.744666] cloud-init[662]: ci-info: +-------+-------------+---------+-----------+-------+
[0;32m  OK  [0m] Started Daily apt upgrade and clean activities.
[   25.745186] cloud-init[662]: ci-info: | Route | Destination | Gateway | Interface | Flags |
[[   25.803289] cloud-init[662]: ci-info: +-------+-------------+---------+-----------+-------+
[   25.803542] cloud-init[662]: [0;32m  OK  [0m] Listening on ACPID Listen Socket.
ci-info: |   1   |  fe80::/64  |    ::   |   enp0s3  |   U   |
[[0;32m  OK  [0m[   25.852321] cloud-init[662]: ci-info: |   3   |    local    |    ::   |   enp0s3  |   U   |
[   25.853273] cloud-init[662]: ci-info: |   4   |   ff00::/8  |    ::   |   enp0s3  |   U   |
[   25.855808] cloud-init[662]: ci-info: +-------+-------------+---------+-----------+-------+
[   25.856130] cloud-init[662]: Generating public/private rsa key pair.
[   25.856825] cloud-init[662]: Your identification has been saved in /etc/ssh/ssh_host_rsa_key.
[   25.857538] cloud-init[662]: Your public key has been saved in /etc/ssh/ssh_host_rsa_key.pub.
] Started Daily Cleanup of Temporary Directories.
[   25.858932] cloud-init[662]: The key fingerprint is:
[[   25.882130] cloud-init[662]: SHA256:/JaEu0aMvfsdvsufb5yfbt6NyTqyau8/u3CqRzL3xtc root@ubuntu-bionic
[   25.882373] cloud-init[662]: The key's randomart image is:
[   25.884003] cloud-init[662]: +---[RSA 2048]----+
[   25.885155] cloud-init[662]: |                 |
[   25.885882] cloud-init[662]: |                 |
[   25.888101] cloud-init[662]: |                 |
[   25.889720] cloud-init[662]: |       . .       |
[   25.891161] [0;32m  OK  [0m] Reached target Timers.
cloud-init[662]: |       +S .      |
         Starting LXD - unix socket.
[   25.897254] cloud-init[662]: |      . *+o.     |
[[0;32m  OK  [0m] Listening on UUID daemon activation socket.
[   25.898510] cloud-init[662]: |       ..*=oo  o.|
[[0;32m  OK  [0m] Reached target Cloud-config availability.
[   25.909114] cloud-init[662]: |        +ooB*o.*E|
[[0;32m  OK  [0m] Reached target Network is Online.
[   25.913907] cloud-init[662]: |       o=O*=@@X**|
[   25.916397] cloud-init[662]: +----[SHA256]-----+
         Starting iSCSI initiator daemon (iscsid)...
[[0;32m  OK  [0m] Listening on Socket activation for snappy daemon.
[   25.916498] cloud-init[662]: Generating public/private dsa key pair.
[[0;32m  OK  [0m] Listening on LXD - unix socket.
[   25.921056] cloud-init[662]: Your identification has been saved in /etc/ssh/ssh_host_dsa_key.
[   25.928240] [cloud-init[0;32m  OK  [0m[662]: ] Your public key has been saved in /etc/ssh/ssh_host_dsa_key.pub.Reached target Sockets.

[[   25.928337] [0;32m  OK  [0mcloud-init] [662]: Reached target Basic System.The key fingerprint is:

[[0;32m  OK  [0m] Started Unattended Upgrades Shutdown.
[   25.996514] cloud-init[662]: SHA256:gwWHIll+WQNy7tZD4AEyPC30wl6cH2WPFlT6Fu3VMtM root@ubuntu-bionic
         Starting Apply the settings specified in cloud-config...
[   26.080215] cloud-init[662]: The key's randomart image is:
         Starting Virtualbox guest utils...
[   26.140892] cloud-init[662]: +---[DSA 1024]----+
[[0;32m  OK  [0m] Started Regular background program processing daemon.
[   26.163014] cloud-init[662]: | o+++.*+O..      |
         Starting Pollinate to seed the pseudo random number generator...
[   26.174025] cloud-init[662]: | .**o*.X * .   o |
         Starting Accounts Service...
[   26.177857] cloud-init[662]: |  o+*.* * o . = E|
[   26.185802] cloud-init[662]: | . o + B . o . + |
[[0;32m  OK  [0m] Started FUSE filesystem for LXC.
[   26.187326] cloud-init[662]: |  .   = S o .    |
[   26.191036] cloud-init[662]: |     .   +       |
[   26.194196] cloud-init[662]: |                 |
[   26.196005] cloud-init[662]: |                 |
[   26.197812] cloud-init[662]: |                 |
[   26.199394] cloud-init[662]: +----[SHA256]-----+
[   26.201186] cloud-init[662]: Generating public/private ecdsa key pair.
         Starting Dispatcher daemon for systemd-networkd...
[   26.224345] cloud-init[662]: Your identification has been saved in /etc/ssh/ssh_host_ecdsa_key.
         Starting System Logging Service...
[   26.232251] cloud-init[662]: Your public key has been saved in /etc/ssh/ssh_host_ecdsa_key.pub.
[[0;32m  OK  [0m] Started D-Bus System Message Bus.
[   26.242337] cloud-init[662]: The key fingerprint is:
[   26.245121] cloud-init[662]: SHA256:KoMheo1EFA3vLmTuxM03go+oLx/PAF9ek2ane1p5LgQ root@ubuntu-bionic
[   26.248920] cloud-init[662]: The key's randomart image is:
[   26.250303] cloud-init[662]: +---[ECDSA 256]---+
[   26.253399] cloud-init[662]: |  ++             |
[   26.265403] cloud-init[662]: | . ..            |
[   26.268904] cloud-init[662]: |  . .            |
[   26.271464] cloud-init[662]: | . .  E.         |
[   26.274158] cloud-init[662]: |o = o *.S        |
[   26.277844] cloud-init[662]: |.X % + =..       |
[   26.282464] cloud-init[662]: |. & X =.o .      |
[   26.285081] cloud-init[662]: |.= O = +oo       |
[   26.287107] cloud-init[662]: |++= + oo ..      |
[   26.291103] cloud-init[662]: +----[SHA256]-----+
[   26.294886] cloud-init[662]: Generating public/private ed25519 key pair.
[   26.297750] cloud-init[662]: Your identification has been saved in /etc/ssh/ssh_host_ed25519_key.[[0;32m  OK  [0m] Started irqbalance daemon.
         Starting Login Service...
[[0;32m  OK  [0m] Started Deferred execution scheduler.
         Starting LSB: Record successful boot for GRUB...
         Starting LXD - container startup/shutdown...
         Starting Snappy daemon...
[[0;32m  OK  [0m] Started System Logging Service.

[   26.322342] cloud-init[662]: Your public key has been saved in /etc/ssh/ssh_host_ed25519_key.pub.
[   26.327561] cloud-init[662]: The key fingerprint is:
[   26.336313] cloud-init[662]: SHA256:hWALbn0XDOqBvC9BErZCkPalPjb6IQO9gx+703ASc7g root@ubuntu-bionic
[   26.352287] cloud-init[662]: The key's randomart image is:
[   26.354656] cloud-init[662]: +--[ED25519 256]--+
[   26.358479] cloud-init[662]: |ooo . o .o.      |
[   26.360577] cloud-init[662]: |oo = * + ...     |
[   26.365297] cloud-init[662]: |o +.O = o o      |
[   26.367471] cloud-init[662]: | o+*.o o o       |
[   26.369985] cloud-init[662]: |. o=o . S        |
[   26.372380] cloud-init[662]: |..E*.o           |
[   26.384229] cloud-init[662]: |.o**+ .          |
[   26.386395] cloud-init[662]: | o++o.           |
[   26.388813] cloud-init[662]: |  =+             |
[   26.392558] cloud-init[662]: +----[SHA256]-----+
[[0;32m  OK  [0m] Started iSCSI initiator daemon (iscsid).
[[0;32m  OK  [0m] Started Login Service.
         Starting Availability of block devices...
[[0;32m  OK  [0m] Reached target Remote File Systems (Pre).
[[0;32m  OK  [0m] Reached target Remote File Systems.
         Starting LSB: automatic crash report generation...
         Starting Permit User Sessions...
         Starting Authorization Manager...
[[0;32m  OK  [0m] Started LSB: Record successful boot for GRUB.
[[0;32m  OK  [0m] Started Availability of block devices.
[[0;32m  OK  [0m] Started Permit User Sessions.
         Starting Hold until boot process finishes up...
         Starting Terminate Plymouth Boot Screen...
[[0;32m  OK  [0m] Started Hold until boot process finishes up.
[[0;32m  OK  [0m] Started Serial Getty on ttyS0.
         Starting Set console scheme...
[[0;32m  OK  [0m] Started Terminate Plymouth Boot Screen.
[[0;32m  OK  [0m] Started Virtualbox guest utils.
[[0;32m  OK  [0m] Started Set console scheme.
[[0;32m  OK  [0m] Created slice system-getty.slice.
[[0;32m  OK  [0m] Started Getty on tty1.
[[0;32m  OK  [0m] Reached target Login Prompts.
[[0;32m  OK  [0m] Started LXD - container startup/shutdown.
[[0;32m  OK  [0m] Started Authorization Manager.
[[0;32m  OK  [0m] Started Accounts Service.
[[0;32m  OK  [0m] Started LSB: automatic crash report generation.
[[0;32m  OK  [0m] Started Dispatcher daemon for systemd-networkd.
[[0;32m  OK  [0m] Started Snappy daemon.
         Starting Wait until snapd is fully seeded...
[[0;32m  OK  [0m] Started Pollinate to seed the pseudo random number generator.
         Starting OpenBSD Secure Shell server...
[[0;32m  OK  [0m] Started OpenBSD Secure Shell server.
[[0;32m  OK  [0m] Created slice User Slice of vagrant.
[   27.330655] cloud-init[796]: Cloud-init v. 18.2 running 'modules:config' at Sun, 21 Oct 2018 11:03:42 +0000. Up 26.46 seconds.
         Starting User Manager for UID 1000...
[[0;32m  OK  [0m] Started Session 1 of user vagrant.
[[0;32m  OK  [0m] Started Apply the settings specified in cloud-config.
[[0;32m  OK  [0m] Started User Manager for UID 1000.
[[0;32m  OK  [0m] Started Wait until snapd is fully seeded.
[[0;32m  OK  [0m] Reached target Multi-User System.
         Starting Execute cloud user/final scripts...
[[0;32m  OK  [0m] Reached target Graphical Interface.
         Starting Update UTMP about System Runlevel Changes...
[[0;32m  OK  [0m] Started Update UTMP about System Runlevel Changes.
         Stopping User Manager for UID 1000...
[[0;32m  OK  [0m] Stopped User Manager for UID 1000.
[[0;32m  OK  [0m] Removed slice User Slice of vagrant.
[[0;32m  OK  [0m] Created slice User Slice of vagrant.
ci-info: no authorized ssh keys fingerprints found for user ubuntu.
         Starting User Manager for UID 1000...
[<14>Oct 21 11:03:45 ec2: 
<14>Oct 21 11:03:45 ec2: #############################################################
<14>Oct 21 11:03:45 ec2: -----BEGIN SSH HOST KEY FINGERPRINTS-----
<14>Oct 21 11:03:45 ec2: 1024 SHA256:gwWHIll+WQNy7tZD4AEyPC30wl6cH2WPFlT6Fu3VMtM root@ubuntu-bionic (DSA)
<14>Oct 21 11:03:45 ec2: 256 SHA256:KoMheo1EFA3vLmTuxM03go+oLx/PAF9ek2ane1p5LgQ root@ubuntu-bionic (ECDSA)
<14>Oct 21 11:03:45 ec2: 256 SHA256:hWALbn0XDOqBvC9BErZCkPalPjb6IQO9gx+703ASc7g root@ubuntu-bionic (ED25519)
<14>Oct 21 11:03:45 ec2: 2048 SHA256:/JaEu0aMvfsdvsufb5yfbt6NyTqyau8/u3CqRzL3xtc root@ubuntu-bionic (RSA)
<14>Oct 21 11:03:45 ec2: -----END SSH HOST KEY FINGERPRINTS-----
<14>Oct 21 11:03:45 ec2: #############################################################
-----BEGIN SSH HOST KEY KEYS-----
ecdsa-sha2-nistp256 AAAAE2VjZHNhLXNoYTItbmlzdHAyNTYAAAAIbmlzdHAyNTYAAABBBBs4+uCj3rWFy2M5EcP3zmBXo2MpwbyNv67T+pPh17zjdrVcNPzR4MPlgGYYiQa0HUahmK5fEsV8l9yVd558IUY= root@ubuntu-bionic
ssh-ed25519 AAAAC3NzaC1lZDI1NTE5AAAAIEowL8lNIE2h28eqo4HQ56HtwsRWlqtkvqP3/G/7LEK2 root@ubuntu-bionic
ssh-rsa AAAAB3NzaC1yc2EAAAADAQABAAABAQCqvF5tbZiqCLisEUfwGA6SnIvgel8jE5zRxFBZObT1uGIUVm3Ww1zVWnYjDhgBAfOQmZyvjQAAzIYLWkyRMQyuKEbdyCZrgpOYzoc3ZkQPXW5PHwKq9nQFSZ4IQmx1C8EgPsYXPRMBm+pc0Q+TbiQaZAdmG0n8f7o0j4k2eUMwp328Fc/aTmRqtxVDi9UKmhFWVt8r57N6jX3KtdqAtxxCEk9Y3v1PNY5CSiM6He7YAU1ZHJJVj4y5go3I4lw2CbZmdmnmA4Yk5BOgZ/B4UmWNcqFND3m3A9Phwli9A5jl/KXR2igWst6qXAQedkn5q+7/MtVT7cf36Kee6LgB3q/t root@ubuntu-bionic
-----END SSH HOST KEY KEYS-----
[0;32m  OK  [0m] Started User Manager for UID 1000.
[   29.623734] cloud-init[1440]: Cloud-init v. 18.2 running 'modules:final' at Sun, 21 Oct 2018 11:03:45 +0000. Up 29.42 seconds.
[   29.997783] cloud-init[1440]: ci-info: no authorized ssh keys fingerprints found for user ubuntu.
[[   30.044486] cloud-init[1440]: Cloud-init v. 18.2 finished at Sun, 21 Oct 2018 11:03:45 +0000. Datasource DataSourceNoCloud [seed=/dev/sdb][dsmode=net].  Up 29.61 seconds
[0;32m  OK  [0m] Started Execute cloud user/final scripts.
[[0;32m  OK  [0m] Started Session 3 of user vagrant.
[[0;32m  OK  [0m] Reached target Cloud-init target.

Ubuntu 18.04.1 LTS lxc-ubuntu ttyS0

lxc-ubuntu login: 