[    0.000000] Linux version 4.15.0-29-genric (uild@lgw01-amd64-057) (gcc version 7.3.0 (Ubuntu 7.3.0-16ubunu3)) #31-UbuntuSMP Tue Jul 17 15:39:52 UTC 2018 (Ubuntu 4.15.0-29.31-generic 4.15.18)
[    0000000] Command line: BOOT_IMAGE=/boot/vmlinuz-4.15.0-29-generic root=LABEL=cloudimg-rootfs ro console=tty1 console=ttyS0
[    0.000000] KERNEL supported cpus:
[    0.000000]   Intel GenuineIntel
[    0.000000]   AMD AuthenticAMD
[    0.000000]   Centaur CentaurHauls
[    0.000000] x86/fpu: Supporting XSAVE feature 0x001: 'x87 floating point registers'
[    0.000000] x86/fpu: Supporting XSAVE feature 0x002: 'SSE registers'
[    0.000000] x86/fpu: Supporting XSAVE feature 0x004: 'AVX registers'
[    0.000000] x86/fpu xstate_offset[2]:  576, xsate_sizes[2]:  256
[    0.0000] x86/fpu: Enbled xstate feature 0x7, cotext size is 832 bytes, using 'standard' format.
[    0.000000] e820: BIOS-provided physical RAM map:
[    0.000000] BIOS-e820: [mem 0x0000000000000000-0x000000000009fbff] usable
[    0.000000] BIOS-e820: [mem 0x000000000009fc00-0x000000000009ffff] reserved
[    0.000000] BIOS-e820: [mem 0x00000000000f0000-0x00000000000fffff] reserved
[    0.000000] BIOS-e820: [mem 0x0000000000100000-0x00000000dffeffff] usable
[    0.000000] BIOS-e820: [mem 0x00000000dfff0000-0x00000000dfffffff] ACPI data
[    0.000000] BIOS-e820: [mem 0x00000000fec00000-0x00000000fec00fff] reserved
[    0.000000] BIOS-e820: [mem 0x00000000fee00000-0x00000000fee00fff] reserved
[    0.000000] BIOS-e820: [mem 0x00000000fffc0000-0x00000000ffffffff] reserved
[    0.000000] BIOS-e820: [mem 0x0000000100000000-0x0000000213ffffff] usable
[    0.000000] NX (Execute Disable) protection: active
[    0.000000] SMBIOS 2.5 present.
[    0.000000] DMI: innotek GmbH VirtualBox/VirtualBox, BIOS VirtualBox 12/01/2006
[    0.000000] Hypervisor detected: KVM
[    0.000000] e820: last_pfn = 0x214000 max_arch_pfn = 0x0000000
[    0.000000] MTRR: Disabled
[   0.0000000] x8/PAT: MTRRs isabled, kipping PAT inttialization too.
[    0.000000 CPU MTRRs all lank - virtualized system.
[    0.000000] x8/PAT: Configuation [0-7]: WB  T  UC-UC  W   WT  UC- UC  
[    0.000000] e820: lat_pfn = 0xdfff0 max_arch_pfn = 0x40000000
[    0.000000] foud SMP MP-able at [mem 0x009ff0-0x0009ffff] mappe at [        (ptrval)]
[    0.000000] Scanning 1 areas for low memory corruption
[    0.000000] RAMDISK: [mem 0x359db000-0x36ce4fff]
[    0.000000] ACPI: Early table checksum verification disabled
[    0.000000] ACPI: RSDP 0x00000000000E0000 000024 (v02 VBOX  )
[    0.000000] ACPI: XSDT 0x00000000DFFF0030 00003C (v01 VBOX   VBOXXSDT 00000001 ASL  00000061)
[    0.000000] ACPI: FACP 0x00000000DFFF00F0 0000F4 (v04 VBOX   VBOXFACP 00000001 ASL  00000061)
[    0.000000] ACPI: DSDT 0x00000000DFFF0480 0021FF (v02 VBOX   VBOXBIOS 00000002 INTL 20100528)
[    0.000000] ACPI: FACS 0x00000000DFFF0200 000040
[    0.000000] ACPI: FACS 0x00000000DFFF0200 000040
[    0.000000] ACPI: APIC 0x00000000DFFF0240 00006C (v02 VBOX   VBOXAPIC 00000001 ASL  00000061)
[    0.000000] ACPI: SSDT 0x00000000DFFF02B0 0001CC (v01 VBOX   VBOXCPUT 00000002 INTL 20100528)
[    0.000000] No NUMA configuration found
[    0.000000] Faking a node at [mem 0x0000000000000000-0x0000000213ffffff]
[    0.000000] NODE_DATA(0) allocated [mem 0x213fd2000-0x213ffcfff]
[    0.000000] kvm-clock: cpu 0, msr 2:13f51001, primary cpu clock
[    0.000000] kvm-clock: Using msrs 4b564d01 and 4b564d00
[    0.000000] kvm-clock: using sched offset of 4202247567 cycles
[    0.000000] clocksource: kvm-clock: mask: 0xffffffffffffffff max_cycles: 0x1cd42e4dffb, max_idle_ns: 881590591483 ns
[    0.000000] Zone ranges:
[    0.000000]   DMA      [mem 0x0000000000001000-0x0000000000ffffff]
[    0.000000]   DMA32    [mem 0x00000000100000-0x0000000ffffffff]
[    0.000000]  Norma   [mem 0x0000000100000000x0000000213ffffff]
[    0.000000]  Device    empty
[    0.000000] Movable zone start for each node
[    0.000000] Early memory node ranges
[    0.000000]   node   0: [mem 0x0000000000001000-0x000000000009efff]
[    0.000000]   node   0: [mem 0x0000000000100000-0x00000000dffeffff]
[    0.000000]   node   0: [mem 0x0000000100000000-0x0000000213ffffff]
[    0.000000] Initmem setup node 0 [mem 0x0000000000001000-0x0000000213ffffff]
[    0.000000] Reserved but unavailable: 98 pages
[    0.000000] ACPI: PM-Timer IO Port: 0x4008
[    0.00000] IOAPIC[0]: apic_id 4, version 32, address 0xfec00000, GSI 0-23
[    0.000000] ACPI: INT_SRC_OVR (bus 0 bus_irq 0 global_irq 2 dfl dfl)
[    0.000000] ACPI: INT_SRC_OVR (bus 0 bus_irq 9 global_irq 9 low level)
[    0.000000] Using ACPI (MADT) for SMP configuration information
[    0.000000] smpboot: Allowing 4 CPUs, 0 hotplug CPUs
[    0.000000] PM: Registered nosave memory: [mem 0x00000000-0x00000fff]
[    0.000000] PM: Registered nosave memory: [mem 0x0009f000-0x0009ffff]
[    0.000000] PM: Registered nosave memory: [mem 0x000a0000-0x000effff]
[    0.000000] PM: Registered nosave memory: [mem 0x000f0000-0x000fffff]
[    0.000000] PM: Registered nosave memory: [mem 0xdfff0000-0xdfffffff]
[    0.000000] PM: Registered nosave memory: [mem 0xe0000000-0xfebfffff]
[    0.000000] PM: Registered nosave memory: [mem 0xfec00000-0xfec00fff]
[    0.000000] PM: Registered nosave memory: [mem 0xfec01000-0xfedfffff]
[    0.000000] PM: Registered nosave memory: [mem 0xfee00000-0xfee00fff]
[    0.000000] PM: Registered nosave memory: [mem 0xfee01000-0xfffbffff]
[    0.000000] PM: Registered nosave memory: [mem 0xfffc0000-0xfffffffff]
[    0.000000] e82: [mem 0x0000000-0xfebfffff] available for PCI devices
[    0.00000] Booting paravirtualized ernel on KVM
[    0.000000 clocksource: refned-jiffies mask: 0xfffffff max_cycles: 0xffffffff, max_idle_ns: 7645519600211568 n
[    0000000] random:get_andom_bytes called from start_kernel0x99/0x4fd with crng_init=0
[    0.000000] etup_percpu: NR_PUS:192 nr_cpumak_bits:4 nr_cpu_ids:4 r_noe_ids:1
[    0.000000] percp: Emedded 46 pags//cpu@       (ptrval) s151552 8192 d28672 u52428
[    0.00000] PV qspilock hash table entries: 256 order: 0, 4096 ytes)
    0.000000] Buil 1 zonelists, mobility grouping on.  Ttal pags: 2015865
[    0.000000] Policy one: Normal
[    0.000000] Kernel commnd line: BOOT_IMAGE=/boot/vmlinz-4.15.0-29-generic roo=LABL=cloudimg-rootfs r console=tty1 console=ttyS0
[    0.000000] Meory: 7947540K/8191544K available (12300K kernel code, 2470K rwdat, 4240K rodata, 2408K int, 2416K bss, 244004K reserved, K cma-reserved
[    0.000000] SLUB: HWalign=64, Order=0-3, MinOjets0, CPUUs=4, Nodes=1
[    0.000000] Kernel/User page tales islation: enabled
[    0.000000]ftrace: alloctig 39092 entries in 53 pags
[    0.004000 Hierachical RCU implementation.
[    0.004000] 	RC rstricting CPUs from NR_CPUS=8192 to nr_cpu_ids=4.
[    0.004000] 	Tasks RCU enaled.
    0.004000] RCU: Adjusting geomery fr rcu_fanout_leaf=16, nr_cpu_ids=
[   0.004000] NR_IRQS: 524544, nr_irqs: 456, preallocated irqs: 16
[    0.004000] onsole: colour VGA+ 80x25
[    0.004000] console [tty1] enabled
    0.00400] consol [ttyS0] enable
[    0.004000] ACPI: Core revision 2017083
[    0.004000] ACPI: 2 ACI AML tbles successfully cquired ad loaded
[    0.004000] APIC: Switch to symmetric I/O mode setup
[    0.004245] x2apic enabled
[    0.008007] Switched APIC routing to physical x2apic.
[    0.013190] ..TIMER: vector=0x30 apic1=0 pin1=2 apic2=-1 pin2=-1
[    0.016003] tsc: Detected 2593.994 MHz processor
[    0.017397] Calibrating delay loop (skipped) preset value.. 5187.98 BogoMIPS (lpj=10375976)
[    0.018427] pid_max: default: 32768 minimum: 301
[    0.020039] Security Framework initialized
[    0.024007] Yama: becoming mindful.
[    0.025223] AppArmor: AppArmor initialized
[    0.034145] Dentry cache hash table entries: 1048576 (order: 11, 8388608 bytes)
[    0.039690] Inode-cache hash table entries: 524288 (order: 10, 4194304 bytes)
[    0.042309] Mount-cache hash table entries: 16384 (order: 5, 131072 bytes)
[    0.044024] Mountpoint-cache hash table entries: 16384 (order: 5, 131072 bytes)
[    0.046166] CPU: Physical Processor ID: 0
[    0.048002] CPU: Processor Core ID: 0
[    0.049173] mce: CPU supports 0 MCE banks
[    0.050343] Last level iTLB entries: 4KB 1024, 2MB 1024, 4MB 1024
[    0.052003] Last level dTLB entries: 4KB 1024, 2MB 1024, 4MB 1024, 1GB 4
[    0.053876] Spectre V2 : Mitigation: Full generic retpoline
[    0.056002] Speculative Store Bypass: Vulnerable
[    0.057471] Freeing SMP alternatives memory: 36K
[    0.064000] smpboot: CPU0: Intel(R) Core(TM) i7-4960HQ CPU @ 2.60GHz (family: 0x6, model: 0x46, stepping: 0x1)
[    0.064077] Performance Events: unsupported p6 CPU model 70 no PMU driver, software events only.
[    0.068035] Hierarchical SRCU implementation.
[    0.074388] NMI watchdog: Perf event create on CPU 0 failed with -2
[    0.076004] NMI watchdog: Perf NMI watchdog permanently disabled
[    0.080069] smp: Bringing up secondary CPUs ...
[    0.084068] x86: Booting SMP configuration:
[    0.088003] .... node  #0, CPUs:      #1
[    0.004000] kvm-clock: cpu 1, msr 2:13f51041, secondary cpu clock
[    0.004000] mce: CPU supports 0 MCE banks
[    0.111596]  #2
[    0.004000] kvm-clock: cpu 2, msr 2:13f51081, secondary cpu clock
[    0.004000] mce: CPU supports 0 MCE banks
[    0.150239]  #3
[    0.004000] kvm-clock: cpu 3, msr 2:13f510c1, secondary cpu clock
[    0.004000] mce: CPU supports 0 MCE banks
[    0.180028] smp: Brought up 1 node, 4 CPUs
[    0.184004] smpboot: Max logical packages: 1
[    0.188004] smpboot: Total of 4 processors activated (20751.95 BogoMIPS)
[    0.192384] devtmpfs: initialized
[    0.196048] x86/mm: Memory block size: 128MB
[    0.200513] evm: security.selinux
[    0.204004] evm: security.SMACK64
[    0.208004] evm: security.SMACK64EXEC
[    0.212004] evm: security.SMACK64TRANSMUTE
[    0.216002] evm: security.SMACK64MMAP
[    0.220002] evm: security.apparmor
[    0.224002] evm: security.ima
[    0.228002] evm: security.capability
[    0.232116] clocksource: jiffies: mask: 0xffffffff max_cycles: 0xffffffff, max_idle_ns: 7645041785100000 ns
[    0.236016] futex hash table entries: 1024 (order: 4, 65536 bytes)
[    0.240085] pinctrl core: initialized pinctrl subsystem
[    0.244098] RTC time: 10:46:56, date: 12/31/18
[    0.248214] NET: Registered protocol family 16
[    0.252068] audit: initializing netlink subsys (disabled)
[    0.256030] audit: type=2000 audit(1546253218.830:1): state=initialized audit_enabled=0 res=1
[    0.276006] cpuidle: using governor ladder
[    0.280007] cpuidle: using governor menu
[    0.284038] ACPI: bus type PCI registered
[    0.288003] acpiphp: ACPI Hot Plug PCI Controller Driver version: 0.5
[    0.293958] PCI: Using configuration type 1 for base access
[    0.296942] HugeTLB registered 2.00 MiB page size, pre-allocated 0 pages
[    0.300101] ACPI: Added _OSI(Module Device)
[    0.304004] ACPI: Added _OSI(Processor Device)
[    0.308003] ACPI: Added _OSI(3.0 _SCP Extensions)
[    0.312003] ACPI: Added _OSI(Processor Aggregator Device)
[    0.316004] ACPI: Added _OSI(Linux-Dell-Video)
[    0.320466] ACPI: Executed 1 blocks of module-level executable AML code
[    0.329640] ACPI: Interpreter enabled
[    0.332015] ACPI: (supports S0 S5)
[    0.336005] ACPI: Using IOAPIC for interrupt routing
[    0.344062] PCI: Using host bridge windows from ACPI; if necessary, use "pci=nocrs" and report a bug
[    0.348232] ACPI: Enabled 2 GPEs in block 00 to 07
[    0.363286] ACPI: PCI Root Bridge [PCI0] (domain 0000 [bus 00-ff])
[    0.364008] acpi PNP0A03:00: _OSC: OS supports [ASPM ClockPM Segments MSI]
[    0.368026] acpi PNP0A03:00: _OSC: not requesting OS control; OS requires [ExtendedConfig ASPM ClockPM MSI]
[    0.372013] acpi PNP0A03:00: fail to add MMCONFIG information, can't access extended PCI configuration space under this bridge.
[    0.376483] PCI host bridge to bus 0000:00
[    0.380009] pci_bus 0000:00: root bus resource [io  0x0000-0x0cf7 window]
[    0.384008] pci_bus 0000:00: root bus resource [io  0x0d00-0xffff window]
[    0.388005] pci_bus 0000:00: root bus resource [mem 0x000a0000-0x000bffff window]
[    0.392011] pci_bus 0000:00: root bus resource [mem 0xe0000000-0xfdffffff window]
[    0.396010] pci_bus 0000:00: root bus resource [bus 00-ff]
[    0.407025] pci 0000:00:01.1: legacy IDE quirk: reg 0x10: [io  0x01f0-0x01f7]
[    0.408004] pci 0000:00:01.1: legacy IDE quirk: reg 0x14: [io  0x03f6]
[    0.410036] pci 0000:00:01.1: legacy IDE quirk: reg 0x18: [io  0x0170-0x0177]
[    0.412003] pci 0000:00:01.1: legacy IDE quirk: reg 0x1c: [io  0x0376]
[    0.474896] pci 0000:00:07.0: quirk: [io  0x4000-0x403f] claimed by PIIX4 ACPI
[    0.476028] pci 0000:00:07.0: quirk: [io  0x4100-0x410f] claimed by PIIX4 SMB
[    0.526260] ACPI: PCI Interrupt Link [LNKA] (IRQs 5 9 10 *11)
[    0.528312] ACPI: PCI Interrupt Link [LNKB] (IRQs 5 9 *10 11)
[    0.532156] ACPI: PCI Interrupt Link [LNKC] (IRQs 5 *9 10 11)
[    0.536157] ACPI: PCI Interrupt Link [LNKD] (IRQs 5 9 10 *11)
[    0.540427] SCSI subsystem initialized
[    0.544080] pci 0000:00:02.0: vgaarb: setting as boot VGA device
[    0.548000] pci 0000:00:02.0: vgaarb: VGA device added: decodes=io+mem,owns=io+mem,locks=none
[    0.548006] pci 0000:00:02.0: vgaarb: bridge control possible
[    0.552003] vgaarb: loaded
[    0.556039] ACPI: bus type USB registered
[    0.560033] usbcore: registered new interface driver usbfs
[    0.564019] usbcore: registered new interface driver hub
[    0.568048] usbcore: registered new device driver usb
[    0.572100] EDAC MC: Ver: 3.0.0
[    0.576379] PCI: Using ACPI for IRQ routing
[    0.580420] NetLabel: Initializing
[    0.584003] NetLabel:  domain hash size = 128
[    0.588002] NetLabel:  protocols = UNLABELED CIPSOv4 CALIPSO
[    0.592018] NetLabel:  unlabeled traffic allowed by default
[    0.596135] clocksource: Switched to clocksource kvm-clock
[    0.625620] VFS: Diskquotas dquot_6.6.0
    0.663622] VFS: Dquot-cache ash table enties: 512 (order 0, 4096 btes)
    0.751322] AppArmor: AppArmor Filesystem Enabled
[    0.774103] pnp: PnP ACPI init
[    0.776368] pnp: PnP ACPI: found 3 devices
[    0.70536 clockource: acpi_m: mask: 0xffffff maxcycles: 0xfffff, max_idle_ns: 208701024 ns
[    0.94128] NE: Registered rotoco famiy 2
[    1.05076] TCP established hash table entries: 65536 (order: 7, 524288 btes)
[    1.150768] TCPbind hash table entries: 65536 (order: 8, 1048576 bytes)
[    1.180605] TCP: Hash tables conigured (established 65536 bind 65536)
    1.248844] UDP hsh table etries: 496 (order: 5, 131072 ytes)
[    1.357373] UDP-Lite hash tabe entries: 4096 (order: 5, 131072 bytes)
[    1.380452] NE: Registere proocol fail 1
[   1.48864] pc 0000:00:00.0: Limiting direct PCI/PC transfers
[    1.580308] pci 0000:00:01.0: Activating ISA DMA hang workarounds
[    1.581964] pci 0000:00:02.0: Video device with shadowed ROM at [mem 0x000c0000-0x000dffff]
[    1.584234] Unpacking initramfs...

[    1.836564] Freeing initrd memory: 19496K
[    1.848671] PCI-DMA: Using software bounce buffering for IO (SWIOTLB)
[    1.873735] software IO TLB [mem 0xdbff0000-0xdfff0000] (64MB) mapped at [        (ptrval)-        (ptrval)]
[    1.938518] platform rtc_cmos: registered platform RTC device (no PNP device found)
[    1.977166] Scanning for low memory corruption every 60 seconds
[    1.994950] Initialise system trusted keyrings
[    2.016359] Key type blacklist registered
[    2.028712] workingset: timestamp_bits=36 max_order=21 bucket_order=0
[    2.069283] zbud: loaded
[    2.083014] squashfs: version 4.0 (2009/01/31) Phillip Lougher
[    2.093801] fuse init (API version 7.26)
[    2.100334] Key type asymmetric registered
[    2.117825] Asymmetric key parser 'x509' registered
[    2.137732] Block layer SCSI generic (bsg) driver version 0.4 loaded (major 246)
[    2.169028] io scheduler noop registered
[    2.184295] io scheduler deadline registered
[    2.196786] io scheduler cfq registered (default)
[    2.213807] ACPI: AC Adapter [AC] (on-line)
[    2.225299] input: Power Button as /devices/LNXSYSTM:00/LNXPWRBN:00/input/input0
[    2.234791] ACPI: Power Button [PWRF]
[    2.244803] input: Sleep Button as /devices/LNXSYSTM:00/LNXSLPBN:00/input/input1
[    2.264930] ACPI: Sleep Button [SLPF]
[    2.278427] ACPI: Battery Slot [BAT0] (battery present)
[    2.297414] Serial: 8250/1650 driver, 32 ports, IR shaing nabled
[    2.439072] 0:02: ttyS0 at I/O 0x3f8 (iq = 4, base_baud = 115200) is a 16550A

[    2.490285] Linux agpgart interface v0.103
[    2.501924] loop: module loaded
[    2.503637] scsi host0: ata_piix
[    2.505020] scsi host1: ata_piix
[    2.506076] ata1: PATA max UDMA/33 cmd 0x1f0 ctl 0x3f6 bmdma 0xd000 irq 14
[    2.509242] ata2: PATA max UDMA/33 cmd 0x170 ctl 0x376 bmdma 0xd008 irq 15
[    2.513579] libphy: Fixed MDIO Bus: probed
[    2.516307] tun: Universal TUN/TAP device driver, 1.6
[    2.528962] PPP generic driver version 2.4.2
[    2.540472] ehci_hcd: USB 2.0 'Enhanced' Host Controller (EHCI) Driver
[    2.546964] ehci-pci: EHCI PCI platform driver
[    2.560947] ehci-platform: EHCI generic platform driver
[    2.562302] ohci_hcd: USB 1.1 'Open' Host Controller (OHCI) Driver
[    2.581089] ohci-pci: OHCI PCI platform driver
[    2.595869] ohci-platform: OHCI generic platform driver
[    2.608760] uhci_hcd: USB Universal Host Controller Interface driver
[    2.624470] i8042: PNP: PS/2 Controller [PNP0303:PS2K,PNP0f03:PS2M] at 0x60,0x64 irq 1,12
[    2.658189] serio: i8042 KBD port at 0x60,0x64 irq 1
[    2.673806] serio: i8042 AUX port at 0x60,0x64 irq 12
[    2.681977] mousedev: PS/2 mouse device common for all mice
[    2.697211]input: AT Translated Set 2keyboard as /devices/platfom/i8042/serio0/input/input2
[    2700047] rtc_cmos rc_cmos: rtc ore: rgistered rtc_cmos as rt0
[    2.70010] rtc_cmosrtc_cmos: alarms up to oe day, 114 bytes nvram
[   2.70018] i2c /dev entries drier
[    2.70180] device-mapper: uevent: version 1.0.3
[    2.700235] deice-mapper: octl: 4.37.-ioctl (2017-09-20) initialised: dm-devl@redhat.cm

[    3.141300] tsc: Refined TSC clocksource calibration: 2593.995 MHz
[    3.141393] ledtrig-cpu: registered to indicate activity on CPUs
[    3.142052] NET: Registered protocol family 10
[    3.145928] Segment Routing with IPv6
[    3.145942] NET: Registered protocol family 17
[    3.146053] Key type dns_resolver registered
[    3.181289] clocksource: tsc: mask: 0xffffffffffffffff max_cycles: 0x256413873f2, max_idle_ns: 440795261455 ns
[    3.201700] RAS: Correctable Errors collector initialized.
[    3.207476] sched_clock: Marking stable (3207446088, 0)->(7816961906, -4609515818)
[    3.223461] registered taskstats version 1
[    3.236546] Loading compiled-in X.509 certificates
[    3.249340] Loaded X.509 cert 'Build time autogenerated kernel key: 1cc37f41791529df57507d3747a6804ab53f482b'
[    3.279704] zswap: loaded using pool lzo/zbud
[    3.292452] Key type big_key registered
[    3.302876] Key type trusted registered
[    3.317883] Key type encrypted registered
[    3.329566] AppArmor: AppArmor sha1 policy hashing enabled
[    3.344944] ima: No TPM chip found, activating TPM-bypass! (rc=-19)
[    3.353474] evm: HMAC attrs: 0x1
[    3.364308]   Magic number: 14:662:781
[    3.404488] rtc_cmos rtc_cmos: setting system clock to 2018-12-31 10:47:00 UTC (1546253220)
[    3.436913] BIOS EDD facility v0.16 2004-Jun-25, 0 devices found
[    3.466023] EDD information not available.
[    3.470549] Freeing unused kernel memory: 2408K
[    3.484433] Write protecting the kernel read-only data: 20480k
[    3.488939] Freeing unused kernel memory: 2008K
[    3.497586] Freeing unused kernel memory: 1904K
[    3.529174] x86/mm: Checked W+X mappings: passed, no W+X pages found.
[    3.536251] x86/mm: Checking user space page tables
[    3.560993] x86/mm: Checked W+X mappings: passed, no W+X pages found.
Loading, please wait...
starting version 237
[    3.631362] e1000: Intel(R) PRO/1000 Network Driver - version 7.3.21-k8-NAPI
[    3.636982] e1000: Copyright (c) 1999-2006 Intel Corporation.
[    3.646319] Fusion MPT base driver 3.04.20
[    3.648762] Copyright (c) 1999-2008 LSI Corporation
[    3.655820] Fusion MPT SPI Host driver 3.04.20
[    3.672489] AVX2 version of gcm_enc/dec engaged.
[    3.679844] AES CTR mode by8 optimization enabled
[    3.860343] input: ImExPS/2 Generic Explorer Mouse as /devices/platform/i8042/serio1/input/input4
[    4.090262] e1000 0000:00:03.0 eth0: (PCI:33MHz:32-bit) 02:bb:34:5d:fb:cd
[    4.092675] e1000 0000:00:03.0 eth0: Intel(R) PRO/1000 Network Connection
[    4.710563] e1000 0000:00:08.0 eth1: (PCI:33MHz:32-bit) 08:00:27:b9:c1:3c
[    4.712611] e1000 0000:00:08.0 eth1: Intel(R) PRO/1000 Network Connection
[    4.715706] e1000 0000:00:08.0 enp0s8: renamed from eth1
[    4.716265] mptbase: ioc0: Initiating bringup
[    4.740772] e1000 0000:00:03.0 enp0s3: renamed from eth0
[    5.036342] ioc0: LSI53C1030 A0: Capabilities={Initiator}
[    6.094451] scsi host2: ioc0: LSI53C1030 A0, FwRev=00000000h, Ports=1, MaxQ=256, IRQ=20
[    7.226965] scsi 2:0:0:0: Direct-Access     VBOX     HARDDISK         1.0  PQ: 0 ANSI: 5
[    7.736159] scsi target2:0:0: Beginning Domain Validation
[    7.744115] scsi target2:0:0: Domain Validation skipping write tests
[    8.080976] scsi target2:0:0: Ending Domain Validation
[    8.082501] scsi target2:0:0: asynchronous
[    8.084540] scsi 2:0:1:0: Direct-Access     VBOX     HARDDISK         1.0  PQ: 0 ANSI: 5
[    8.203830] scsi target2:0:1: Beginning Domain Validation
[    8.207790] random: fast init done
[    8.217815] scsi target2:0:1: Domain Validation skipping write tests
[    8.694170] scsi target2:0:1: Ending Domain Validation
[    8.708905] scsi target2:0:1: asynchronous
[    8.734232] random: systemd-udevd: uninitialized urandom read (16 bytes read)
[    8.734343] sd 2:0:0:0: Attached scsi generic sg0 type 0
[    8.734759] sd 2:0:0:0: [sda] 104857600 512-byte logical blocks: (53.7 GB/50.0 GiB)
[    8.735047] sd 2:0:1:0: Attached scsi generic sg1 type 0
[    8.735080] sd 2:0:0:0: [sda] Write Protect is off
[    8.735321] sd 2:0:0:0: [sda] Incomplete mode parameter data
[    8.735322] sd 2:0:0:0: [sda] Assuming drive cache: write through
[    8.735626] sd 2:0:1:0: [sdb] 20480 512-byte logical blocks: (10.5 MB/10.0 MiB)
[    8.735767] sd 2:0:1:0: [sdb] Write Protect is off
[    8.736135] sd 2:0:1:0: [sdb] Incomplete mode parameter data
[    8.736136] sd 2:0:1:0: [sdb] Assuming drive cache: write through
[    8.737836]  sda: sda1
[    8.738870] sd 2:0:0:0: [sda] Attached SCSI disk
[    8.739940] sd 2:0:1:0: [sdb] Attached SCSI disk
[    8.761311] random: systemd-udevd: uninitialized urandom read (16 bytes read)
[    8.784927] random: systemd-udevd: uninitialized urandom read (16 bytes read)
[    8.796674] random: systemd-udevd: uninitialized urandom read (16 bytes read)
[    8.796707] random: systemd-udevd: uninitialized urandom read (16 bytes read)
[    8.800187] random: systemd-udevd: uninitialized urandom read (16 bytes read)
[    8.825179] random: systemd-udevd: uninitialized urandom read (16 bytes read)
[    8.847146] random: systemd-udevd: uninitialized urandom read (16 bytes read)
[    8.847194] random: systemd-udevd: uninitialized urandom read (16 bytes read)
[    8.847200] random: systemd-udevd: uninitialized urandom read (16 bytes read)
Begin: Loading essential drivers ... [   10.328205] raid6: sse2x1   gen() 11158 MB/s
[   10.380237] raid6: sse2x1   xor()  8075 MB/s
[   10.448320] raid6: sse2x2   gen() 13853 MB/s
[   10.512237] raid6: sse2x2   xor()  9205 MB/s
[   10.572333] raid6: sse2x4   gen() 16058 MB/s
[   10.632292] raid6: sse2x4   xor() 10220 MB/s
[   10.704445] raid6: avx2x1   gen() 22507 MB/s
[   10.772053] raid6: avx2x1   xor() 15188 MB/s
[   10.836486] raid6: avx2x2   gen() 26321 MB/s
[   10.904257] raid6: avx2x2   xor() 15974 MB/s
[   10.960177] raid6: avx2x4   gen() 28694 MB/s
[   11.036335] raid6: avx2x4   xor() 18234 MB/s
[   11.056447] raid6: using algorithm avx2x4 gen() 28694 MB/s
[   11.073743] raid6: .... xor() 18234 MB/s, rmw enabled
[   11.076590] raid6: using avx2x2 recovery algorithm
[   11.101532] xor: automatically using best checksumming function   avx       
[   11.125132] async_tx: api initialized (async)
done.
Begin: Running /scripts/init-premount ... done.
Begin: Mounting root file system ... Begin: Running /scripts/local-top ... do[   11.179918] Btrfs loaded, crc32c=crc32c-intel
ne.
Begin: Running /scripts/local-premount ... Scanning for Btrfs filesystems
done.
Warning: fsck no[   11.242504] EXT4-fs (sda1): mounted filesystem with ordered data mode. Opts: (null)
t present, so skipping root file system
done.
Begin: Running /scripts/local-bottom ... done.
Begin: Running /scripts/init-bottom ... done.
[   11.420162] ip_tables: (C) 2000-2006 Netfilter Core Team
[   11.435542] systemd[1]: systemd 237 running in system mode. (+PAM +AUDIT +SELINUX +IMA +APPARMOR +SMACK +SYSVINIT +UTMP +LIBCRYPTSETUP +GCRYPT +GNUTLS +ACL +XZ +LZ4 +SECCOMP +BLKID +ELFUTILS +KMOD -IDN2 +IDN -PCRE2 default-hierarchy=hybrid)
[   11.441228] systemd[1]: Detected virtualization oracle.
[   11.442774] systemd[1]: Detected architecture x86-64.

Welcome to [1mUbuntu 18.04.1 LTS[0m!

[   11.464043] systemd[1]: Set hostname to <lxc-ubuntu>.
[   11.726893] systemd[1]: Created slice System Slice.
[[0;32m  OK  [0m] Created slice System Slice.
[   12.122436] systemd[1]: Set up automount Arbitrary Executable File Formats File System Automount Point.
[[0;32m  OK  [0m] Set up automount Arbitrary Executabâ€¦rmats File System Automount Point.
[   12.260951] systemd[1]: Created slice User and Session Slice.
[[0;32m  OK  [0m] Created slice User and Session Slice.
[   12.292855] systemd[1]: Listening on Journal Socket (/dev/log).
[[0;32m  OK  [0m] Listening on Journal Socket (/dev/log).
[   12.321685] systemd[1]: Listening on udev Kernel Socket.
[[0;32m  OK  [0m] Listening on udev Kernel Socket.
[   13.060850] systemd[1]: Reached target Slices.
[[0;32m  OK  [0m] Reached target Slices.
[[0;32m  OK  [0m] Listening on Device-mapper event daemon FIFOs.
[[0;32m  OK  [0m] Reached target Swap.
[[0;32m  OK  [0m] Listening on Journal Socket.
         Mounting POSIX Message Queue File System...
         Starting Load Kernel Modules...
         Mounting Kernel Debug File System...
         Mounting RPC Pipe File System...
         Mounting Huge Pages File System...
         Starting Remount Root and Kernel File S[   13.205437] Loading iSCSI transport class v2.0-870.
ystems...
[[0;32m  OK  [0m] Created slice system-serial\[   14.030289] iscsi: registered transport (tcp)
x2dgetty.slice.
         Starting Create list of required stâ€¦ce nodes for the [   14.194530] RPC: Registered named UNIX socket transport module.
current kernel..[   14.221312] RPC: Registered udp transport module.
.
[   14.427222] RPC: Registered tcp transport module.
[   14.441010] RPC: Registered tcp NFSv4.1 backchannel transport module.
[   14.441113] EXT4-fs (sda1): re-mounted. Opts: (null)
         Starting Uncomplicated firewall...
[[0;32m  OK  [0[   14.466970] iscsi: registered transport (iser)
m] Listening on RPCbind Server Activation Socket.
[[0;32m  OK  [0m] Reached target System Time Synchronized.
[[0;32m  OK  [0m] Started Forward Password Requests to Wall Directory Watch.
[[0;32m  OK  [0m] Listening on Network Service Netlink Socket.
         Starting Set the console keyboard layout...
[[0;32m  OK  [0m] Listening on udev Control Socket.
         Starting udev Coldplug all Devices...
[[0;32m  OK  [0m] Reached target User and Group Name Lookups.
[[0;32m  OK  [0m] Listening on LVM2 metadata daemon socket.
         Starting Monitoring of LVM2 mirrorsâ€¦ng dmeventd or progress polling...
[[0;32m  OK  [0m] Listening on /dev/initctl Compatibility Named Pipe.
[[0;32m  OK  [0m] Listening on Journal Audit Socket.
[[0;32m  OK  [0m] Listening on Syslog Socket.
         Starting Journal Service...
[[0;32m  OK  [0m] Listening on LVM2 poll daemon socket.
[[0;32m  OK  [0m] Mounted POSIX Message Queue File System.
[[0;32m  OK  [0m] Started Journal Service.
[[0;32m  OK  [0m] Started Load Kernel Modules.
[[0;32m  OK  [0m] Mounted Kernel Debug File System.
[[0;32m  OK  [0m] Mounted RPC Pipe File System.
[[0;32m  OK  [0m] Mounted Huge Pages File System.
[[0;32m  OK  [0m] Started Remount Root and Kernel File Systems.
[[0;32m  OK  [0m] Started Create list of required staâ€¦vice nodes for the current kernel.
[[0;32m  OK  [0m] Started Uncomplicated firewall.
[[0;32m  OK  [0m] Started Set the console keyboard layout.
[[0;32m  OK  [0m] Started LVM2 metadata daemon.
         Starting Create Static Device Nodes in /dev...
         Starting Load/Save Random Seed...
         Starting Initial cloud-init job (pre-networking)...
         Mounting FUSE Control File System...
         Mounting Kernel Configuration File System...
         Starting Apply Kernel Variables...
         Starting Flush Journal to Persistent Storage...
[[0;32m  OK  [0m] Started Monitoring of LVM2 mirrors,â€¦sing dmeventd or progress polling.
[[0;32m  OK  [0m] Started udev Coldplug all Devices.
[[0;32m  OK  [0m] Started Create Static Device Nodes in /dev.
[[0;32m  OK  [0m] Started Load/Save Random Seed.
[[0;32m  OK  [0m] Mounted FUSE Control File System.
[[0;32m  OK  [0m] Mounted Kernel Configuration File System.
         Starting udev Kernel Device Manager...
[[0;32m  OK  [0m] Reached target Local File Systems (Pre).
[[0;32m  OK  [0m] Reached target Local File Systems.
         Starting ebtables ruleset management...
         Starting Preprocess NFS configuration...
         Starting Tell Plymouth To Write Out Runtime Data...
         Starting AppArmor initialization...
         Starting Set console font and keymap...
[[0;32m  OK  [0m] Started udev Kernel Device Manager.
[[0;32m  OK  [0m] Started Apply Kernel Variables.
[[0;32m  OK  [0m] Started Dispatch Password Requests to Console Directory Watch.
[[0;32m  OK  [0m] Reached target Local Encrypted Volumes.
[[0;32m  OK  [0m] Started Tell Plymouth To Write Out Runtime Data.
[[0;32m  OK  [0m] Started Preprocess NFS configuration.
[[0;32m  OK  [0m] Reached target NFS client services.
[[0;32m  OK  [0m] Started Set console font and keymap.
[[0;32m  OK  [0m] Started Flush Journal to Persistent Storage.
[[0;32m  OK  [0m] Found device /dev/ttyS0.
         Starting Create Volatile Files and Directories...
[[0;32m  OK  [0m] Started ebtables ruleset management.
[[0;32m  OK  [0m] Started Create Volatile Files and Directories.
         Starting Update UTMP about System Boot/Shutdown...
         Starting RPC bind portmap service...
[[0;32m  OK  [0m] Listening on Load/Save RF Kill Switch Status /dev/rfkill Watch.
[[0;32m  OK  [0m] Started RPC bind portmap service.
[[0;32m  OK  [0m] Reached target RPC Port Mapper.
[[0;32m  OK  [0m] Started Update UTMP about System Boot/Shutdown.
[[0;32m  OK  [0m] Started AppArmor initialization.
[   15.995748] cloud-init[451]: Cloud-init v. 18.2 running 'init-local' at Mon, 31 Dec 2018 10:47:12 +0000. Up 15.80 seconds.
[[0;32m  OK  [0m] Started Initial cloud-init job (pre-networking).
[[0;32m  OK  [0m] Reached target Network (Pre).
         Starting Network Service...
[[0;32m  OK  [0m] Started Network Service.
         Starting Wait for Network to be Configured...
         Starting Network Name Resolution...
[[0;32m  OK  [0m] Started Network Name Resolution.
[[0;32m  OK  [0m] Reached target Network.
[[0;32m  OK  [0m] Reached target Host and Network Name Lookups.
[[0;32m  OK  [0m] Started Wait for Network to be Configured.
         Starting Initial cloud-init job (metadata service crawler)...
[   18.820338] cloud-init[697]: Cloud-init v. 18.2 running 'init' at Mon, 31 Dec 2018 10:47:15 +0000. Up 18.47 seconds.
[   18.839161] cloud-init[697]: ci-info: ++++++++++++++++++++++++++++++++++++++Net device info+++++++++++++++++++++++++++++++++++++++
[   18.857521] cloud-init[697]: ci-info: +--------+------+-----------------------------+---------------+--------+-------------------+
[[   18.900808] cloud-init[697]: ci-info: | Device |  Up  |           Address           |      Mask     | Scope  |     Hw-Address    |
[   18.901289] cloud-init[697]: ci-info: +--------+------+-----------------------------+---------------+--------+-------------------+
[   18.903187] cloud-init[697]: ci-info: | enp0s3 | True |          10.0.2.15          | 255.255.255.0 | global | 02:bb:34:5d:fb:cd |
[0;32m  OK  [0m] Started Initial cloud-init job (metadata service crawler).
[   18.904170] cloud-init[697]: ci-info: | enp0s3 | True |  fe80::bb:34ff:fe5d:fbcd/64 |       .       |  link  | 02:bb:34:5d:fb:cd |
[[   19.016292] cloud-init[697]: ci-info: | enp0s8 | True |        192.168.99.15        | 255.255.255.0 | global | 08:00:27:b9:c1:3c |
[   19.016607] cloud-init[697]: ci-info: | enp0s8 | True | fe80::a00:27ff:feb9:c13c/64 |       .       |  link  | 08:00:27:b9:c1:3c |
[0;32m  OK  [0m] Reached target Cloud-config availability.
[[   19.017727] cloud-init[697]: ci-info: |   lo   | True |          127.0.0.1          |   255.0.0.0   |  host  |         .         |
[   19.063642] cloud-init[697]: ci-info: |   lo   | True |           ::1/128           |       .       |  host  |         .         |
[0;32m  OK  [0m[   19.064823] ] cloud-init[697]: ci-info: +--------+------+-----------------------------+---------------+--------+-------------------+
Reached target System Initialization.
[   19.064955] cloud-init[697]: ci-info: +++++++++++++++++++++++++++++Route IPv4 info+++++++++++++++++++++++++++++
[[   19.182823] cloud-init[697]: ci-info: +-------+--------------+----------+-----------------+-----------+-------+
[0;32m  OK  [0m] Started Daily apt download activities.
[   19.183123] cloud-init[697]: ci-info: | Route | Destination  | Gateway  |     Genmask     | Interface | Flags |
[[   19.251268] cloud-init[697]: ci-info: +-------+--------------+----------+-----------------+-----------+-------+
[0;32m  OK  [0m] Started Daily apt upgrade and clean activities.
[   19.251477] cloud-init[697]: ci-info: |   0   |   0.0.0.0    | 10.0.2.2 |     0.0.0.0     |   enp0s3  |   UG  |
[   19.251978] cloud-init[697]: ci-info: |   1   |   10.0.2.0   | 0.0.0.0  |  255.255.255.0  |   enp0s3  |   U   |
[[0;32m  OK  [0m[   19.267962] cloud-init[697]: ci-info: |   2   |   10.0.2.2   | 0.0.0.0  | 255.255.255.255 |   enp0s3  |   UH  |
[   19.269010] cloud-init[697]: ci-info: |   3   | 192.168.99.0 | 0.0.0.0  |  255.255.255.0  |   enp0s8  |   U   |
[   19.270169] cloud-init[697]: ci-info: +-------+--------------+----------+-----------------+-----------+-------+
[   19.271672] cloud-init[697]: ci-info: +++++++++++++++++++Route IPv6 info+++++++++++++++++++
[   19.273379] cloud-init[697]: ci-info: +-------+-------------+---------+-----------+-------+
[   19.274058] cloud-init[697]: ci-info: | Route | Destination | Gateway | Interface | Flags |
[   19.274831] cloud-init[697]: ci-info: +-------+-------------+---------+-----------+-------+
[   19.275493] cloud-init[697]: ci-info: |   1   |  fe80::/64  |    ::   |   enp0s8  |   U   |
[   19.277033] cloud-init[697]: ci-info: |   2   |  fe80::/64  |    ::   |   enp0s3  |   U   |
[   19.277702] cloud-init[697]: ci-info: |   4   |    local    |    ::   |   enp0s3  |   U   |
[   19.278490] cloud-init[697]: ci-info: |   5   |    local    |    ::   |   enp0s8  |   U   |
[   19.279234] cloud-init[697]: ci-info: |   6   |   ff00::/8  |    ::   |   enp0s8  |   U   |
[   19.279963] cloud-init[697]: ci-info: |   7   |   ff00::/8  |    ::   |   enp0s3  |   U   |
[   19.281463] cloud-init[697]: ci-info: +-------+-------------+---------+-----------+-------+
] Listening on D-Bus System Message Bus Socket.
[[0;32m  OK  [0m] Started ACPI Events Check.
[[0;32m  OK  [0m] Reached target Paths.
         Starting LXD - unix socket.
[[0;32m  OK  [0m] Started Discard unused blocks once a week.
         Starting Socket activation for snappy daemon.
[[0;32m  OK  [0m] Started Message of the Day.
[[0;32m  OK  [0m] Listening on UUID daemon activation socket.
[[0;32m  OK  [0m] Started Daily Cleanup of Temporary Directories.
[[0;32m  OK  [0m] Listening on ACPID Listen Socket.
[[0;32m  OK  [0m] Reached target Timers.
[[0;32m  OK  [0m] Reached target Network is Online.
         Starting iSCSI initiator daemon (iscsid)...
[[0;32m  OK  [0m] Listening on LXD - unix socket.
[[0;32m  OK  [0m] Listening on Socket activation for snappy daemon.
[[0;32m  OK  [0m] Reached target Sockets.
[[0;32m  OK  [0m] Reached target Basic System.
[[0;32m  OK  [0m] Started irqbalance daemon.
         Starting OpenBSD Secure Shell server...
         Starting Virtualbox guest utils...
[[0;32m  OK  [0m] Started Deferred execution scheduler.
         Starting System Logging Service...
         Starting Apply the settings specified in cloud-config...
         Starting Snappy daemon...
[[0;32m  OK  [0m] Started Unattended Upgrades Shutdown.
         Starting Login Service...
         Starting LSB: Record successful boot for GRUB...
[[0;32m  OK  [0m] Started FUSE filesystem for LXC.
         Starting Dispatcher daemon for systemd-networkd...
         Starting Accounts Service...
[[0;32m  OK  [0m] Started Regular background program processing daemon.
[[0;32m  OK  [0m] Started D-Bus System Message Bus.
[[0;32m  OK  [0m] Started Login Service.
         Starting LXD - container startup/shutdown...
[[0;32m  OK  [0m] Started System Logging Service.
[[0;32m  OK  [0m] Started Snappy daemon.
[[0;32m  OK  [0m] Started iSCSI initiator daemon (iscsid).
[[0;32m  OK  [0m] Started OpenBSD Secure Shell server.
[[0;32m  OK  [0m] Reached target Remote File Systems (Pre).
[[0;32m  OK  [0m] Reached target Remote File Systems.
         Starting LSB: automatic crash report generation...
         Starting Permit User Sessions...
         Starting Availability of block devices...
         Starting Wait until snapd is fully seeded...
[[0;32m  OK  [0m] Started LXD - container startup/shutdown.
[[0;32m  OK  [0m] Started Dispatcher daemon for systemd-networkd.
[[0;32m  OK  [0m] Started Permit User Sessions.
[[0;32m  OK  [0m] Started Availability of block devices.
[[0;32m  OK  [0m] Started Wait until snapd is fully seeded.
         Starting Terminate Plymouth Boot Screen...
         Starting Hold until boot process finishes up...
         Starting Authorization Manager...
[[0;32m  OK  [0m] Started LSB: Record successful boot for GRUB.
[[0;32m  OK  [0m] Started Terminate Plymouth Boot Screen.
[[0;32m  OK  [0m] Started Hold until boot process finishes up.
[[0;32m  OK  [0m] Started Virtualbox guest utils.
         Starting Set console scheme...
[[0;32m  OK  [0m] Started Serial Getty on ttyS0.
[[0;32m  OK  [0m] Started Set console scheme.
[[0;32m  OK  [0m] Started Authorization Manager.
[[0;32m  OK  [0m] Started Accounts Service.
[[0;32m  OK  [0m] Created slice system-getty.slice.
[[0;32m  OK  [0m] Started Getty on tty1.
[[0;32m  OK  [0m] Reached target Login Prompts.
[[0;32m  OK  [0m] Started LSB: automatic crash report generation.
[   20.191081] cloud-init[851]: Cloud-init v. 18.2 running 'modules:config' at Mon, 31 Dec 2018 10:47:17 +0000. Up 19.97 seconds.
[[0;32m  OK  [0m] Reached target Multi-User System.
[[0;32m  OK  [0m] Reached target Graphical Interface.
         Starting Update UTMP about System Runlevel Changes...
[[0;32m  OK  [0m] Started Apply the settings specified in cloud-config.
         Starting Execute cloud user/final scripts...
[[0;32m  OK  [0m] Started Update UTMP about System Runlevel Changes.
[   20.723589] cloud-init[1200]: Cloud-init v. 18.2 running 'modules:final' at Mon, 31 Dec 2018 10:47:17 +0000. Up 20.60 seconds.
[   20.732248] cloud-init[1200]: Cloud-init v. 18.2 finished at Mon, 31 Dec 2018 10:47:17 +0000. Datasource DataSourceNoCloud [seed=/dev/sdb][dsmode=net].  Up 20.71 seconds
[[0;32m  OK  [0m] Started Execute cloud user/final scripts.
[[0;32m  OK  [0m] Reached target Cloud-init target.

Ubuntu 18.04.1 LTS lxc-ubuntu ttyS0

lxc-ubuntu login:          Stopping Session 5 of user vagrant.
[[0;32m  OK  [0m] Stopped target Timers.
[[0;32m  OK  [0m] Stopped Message of the Day.
[[0;32m  OK  [0m] Stopped Daily apt upgrade and clean activities.
         Stopping User Manager for UID 1000...
         Unmounting RPC Pipe File System...
[[0;32m  OK  [0m] Stopped Discard unused blocks once a week.
         Stopping Authorization Manager...
[[0;32m  OK  [0m] Stopped Daily apt         Stopping D-Bus System Message Bus...
[[0;32m  OK  [0m] Stopped Snappy daemon.
[[0;32m  OK  [0m] Stopped Dispatcher daemon for systemd-networkd.
[[0;32m  OK  [0m] Stopped Accounts Service.
[[0;32m  OK  [0m] Stopped Regular background program processing daemon.
[[0;32m  OK  [0m] Stopped OpenBSD Secure Shell server.
[[0;32m  OK  [0m] Stopped Authorization Manager.
[[0;32m  OK  [0m] Stopped Serial Getty on ttyS0.
[[0;32m  OK  [0m] Stopped Getty on tty1.
[[0;32m  OK  [0m] Stopped User Manager for UID 1000.
[[0;32m  OK  [0m] Unmounted RPC Pipe File System.
[[0;32m  OK  [0m] Stopped D-Bus System Message Bus.
[[0;32m  OK  [0m] Stopped Availability of block devices.
[[0;32m  OK  [0m] Stopped FUSE filesystem for LXC.
[[0;32m  OK  [0m] Stopped Session 5 of user vagrant.
[[0;32m  OK  [0m] Stopped Unattended Upgrades Shutdown.
[[0;32m  OK  [0m] Stopped LXD - container startup/shutdown.
[[0;32m  OK  [0m] Stopped LSB: Record successful boot for GRUB.
[[0;32m  OK  [0m] Removed slice User Slice of vagrant.
         Stopping Login Service...
[[0;32m  OK  [0m] Removed slice system-getty.slice.
[[0;32m  OK  [0m] Removed slice system-serial\x2dgetty.slice.
         Stopping Permit User Sessions...
[[0;32m  OK  [0m] Stopped LSB: automatic crash report generation.
[[0;32m  OK  [0m] Stopped Virtualbox guest utils.
[[0;32m  OK  [0m] Stopped Permit User Sessions.
[[0;32m  OK  [0m] Stopped target Remote File Systems.
         Unmounting /mnt/nfs/shared...
[[0;32m  OK  [0m] Unmounted /mnt/nfs/shared.
[[0;32m  OK  [0m] Stopped target Remote File Systems (Pre).
         Stopping iSCSI initiator daemon (iscsid)...
[[0;32m  OK  [0m] Stopped target NFS client services.
[[0;32m  OK  [0m] Stopped Login Service.
[[0;32m  OK  [0m] Stopped iSCSI initiator daemon (iscsid).
[[0;32m  OK  [0m] Stopped target Network is Online.
[[0;32m  OK  [0m] Stopped target Network.
         Stopping Network Name Resolution...
[[0;32m  OK  [0m] Stopped target Basic System.
[[0;32m  OK  [0m] Stopped target Sockets.
[[0;32m  OK  [0m] Closed ACPID Listen Socket.
[[0;32m  OK  [0m] Closed LXD - unix socket.
[[0;32m  OK  [0m] Closed Socket activation for snappy daemon.
[[0;32m  OK  [0m] Closed UUID daemon activation socket.
[[0;32m  OK  [0m] Closed Syslog Socket.
[[0;32m  OK  [0m] Stopped target Paths.
[[0;32m  OK  [0m] Stopped ACPI Events Check.
[[0;32m  OK  [0m] Stopped target Slices.
[[0;32m  OK  [0m] Closed D-Bus System Message Bus Socket.
[[0;32m  OK  [0m] Stopped target System Initialization.
         Stopping Update UTMP about System Boot/Shutdown...
         Stopping Load/Save Random Seed...
[[0;32m  OK  [0m] Stopped target Local Encrypted Volumes.
[[0;32m  OK  [0m] Stopped Forward Password Requests to Wall Directory Watch.
[[0;32m  OK  [0m] Stopped Dispatch Password Requests to Console Directory Watch.
[[0;32m  OK  [0m] Stopped Initial cloud-init job (metadata service crawler).
[[0;32m  OK  [0m] Stopped target User and Group Name Lookups.
[[0;32m  OK  [0m] Removed slice User and Session Slice.
[[0;32m  OK  [0m] Stopped Network Name Resolution.
[[0;32m  OK  [0m] Stopped Load/Save Random Seed.
         Stopping Network Service...
[[0;32m  OK  [0m] Stopped Update UTMP about System Boot/Shutdown.
[[0;32m  OK  [0m] Stopped Create Volatile Files and Directories.
[[0;32m  OK  [0m] Stopped target Local File Systems.
         Unmounting /run/user/1000...
         Unmounting /vagrant...
[[0;32m  OK  [0m] Stopped Network Service.
[[0;32m  OK  [0m] Unmounted /run/user/1000.
[[0;32m  OK  [0m] Unmounted /vagrant.
[[0;32m  OK  [0m] Reached target Unmount All Filesystems.
[[0;32m  OK  [0m] Stopped target Local File Systems (Pre).
[[0;32m  OK  [0m] Stopped Create Static Device Nodes in /dev.
         Stopping Monitoring of LVM2 mirrorsâ€¦ng dmeventd or progress polling...
[[0;32m  OK  [0m] Stopped target Swap.
[[0;32m  OK  [0m] Stopped target Network (Pre).
[[0;32m  OK  [0m] Stopped Initial cloud-init job (pre-networking).
[[0;32m  OK  [0m] Stopped Remount Root and Kernel File Systems.
[[0;32m  OK  [0m] Stopped Apply Kernel Variables.
[[0;32m  OK  [0m] Stopped Load Kernel Modules.
[[0;32m  OK  [0m] Reached target Shutdown.
[[0;32m  OK  [0m] Reached target Final Step.
         Starting Power-Off...
[[0;32m  OK  [0m] Stopped Monitoring of LVM2 mirrors,â€¦sing dmeventd or progress polling.
         Stopping LVM2 metadata daemon...
[[0;32m  OK  [0m] Stopped LVM2 metadata daemon.
[  103.620649] reboot: Power down
